[INFO] Scanning for projects...
[INFO] 
[INFO] -----------------------< com.example:carebloom >------------------------
[INFO] Building carebloom 0.0.1-SNAPSHOT
[INFO]   from pom.xml
[INFO] --------------------------------[ jar ]---------------------------------
[INFO] 
[INFO] --- resources:3.3.1:resources (default-resources) @ carebloom ---
[INFO] Copying 1 resource from src\main\resources to target\classes
[INFO] Copying 1 resource from src\main\resources to target\classes
[INFO] 
[INFO] --- compiler:3.14.0:compile (default-compile) @ carebloom ---
[INFO] Recompiling the module because of changed source code.
[INFO] Compiling 103 source files with javac [debug parameters release 21] to target\classes
[INFO] 
[INFO] --- resources:3.3.1:testResources (default-testResources) @ carebloom ---
[INFO] Copying 1 resource from src\test\resources to target\test-classes
[INFO] 
[INFO] --- compiler:3.14.0:testCompile (default-testCompile) @ carebloom ---
[INFO] Recompiling the module because of changed dependency.
[INFO] Compiling 4 source files with javac [debug parameters release 21] to target\test-classes
[INFO] 
[INFO] --- surefire:3.5.3:test (default-test) @ carebloom ---
[INFO] Using auto detected provider org.apache.maven.surefire.junitplatform.JUnitPlatformProvider
[INFO] 
[INFO] -------------------------------------------------------
[INFO]  T E S T S
[INFO] -------------------------------------------------------
[INFO] Running com.example.carebloom.controllers.admin.AdminControllersTest
Standard Commons Logging discovery in action with spring-jcl: please remove commons-logging.jar from classpath in order to avoid potential conflicts
16:54:41.022 [main] INFO org.springframework.test.context.support.AnnotationConfigContextLoaderUtils -- Could not detect default configuration classes for test class [com.example.carebloom.controllers.admin.AdminControllersTest]: AdminControllersTest does not declare any static, non-private, non-final, nested classes annotated with @Configuration.
16:54:41.205 [main] INFO org.springframework.boot.test.context.SpringBootTestContextBootstrapper -- Found @SpringBootConfiguration com.example.carebloom.CarebloomApplication for test class com.example.carebloom.controllers.admin.AdminControllersTest
[INFO] Running com.example.carebloom.controllers.admin.AdminControllersTest$EmailCheckControllerTests
16:54:41.244 [main] INFO org.springframework.test.context.support.AnnotationConfigContextLoaderUtils -- Could not detect default configuration classes for test class [com.example.carebloom.controllers.admin.AdminControllersTest$EmailCheckControllerTests]: EmailCheckControllerTests does not declare any static, non-private, non-final, nested classes annotated with @Configuration.
16:54:41.260 [main] INFO org.springframework.boot.test.context.SpringBootTestContextBootstrapper -- Found @SpringBootConfiguration com.example.carebloom.CarebloomApplication for test class com.example.carebloom.controllers.admin.AdminControllersTest$EmailCheckControllerTests

  .   ____          _            __ _ _
 /\\ / ___'_ __ _ _(_)_ __  __ _ \ \ \ \
( ( )\___ | '_ | '_| | '_ \/ _` | \ \ \ \
 \\/  ___)| |_)| | | | | || (_| |  ) ) ) )
  '  |____| .__|_| |_|_| |_\__, | / / / /
 =========|_|==============|___/=/_/_/_/

 :: Spring Boot ::                (v3.5.0)

2025-08-07T16:54:41.655+05:30  INFO 18676 --- [carebloom] [           main] c.e.c.c.admin.AdminControllersTest       : Starting AdminControllersTest using Java 21.0.4 with PID 18676 (started by dell in C:\Users\dell\UoC\GroupProject-3\CareBloom\carebloom-backend)
2025-08-07T16:54:41.656+05:30 DEBUG 18676 --- [carebloom] [           main] c.e.c.c.admin.AdminControllersTest       : Running with Spring Boot v3.5.0, Spring v6.2.7
2025-08-07T16:54:41.657+05:30  INFO 18676 --- [carebloom] [           main] c.e.c.c.admin.AdminControllersTest       : The following 1 profile is active: "test"
2025-08-07T16:54:41.672+05:30 DEBUG 18676 --- [carebloom] [           main] o.s.w.c.s.GenericWebApplicationContext   : Refreshing org.springframework.web.context.support.GenericWebApplicationContext@4d774249
2025-08-07T16:54:43.950+05:30 DEBUG 18676 --- [carebloom] [           main] s.w.s.m.m.a.RequestMappingHandlerMapping : 9 mappings in 'requestMappingHandlerMapping'
2025-08-07T16:54:44.117+05:30 DEBUG 18676 --- [carebloom] [           main] o.s.w.s.handler.SimpleUrlHandlerMapping  : Patterns [/webjars/**, /**] in 'resourceHandlerMapping'
2025-08-07T16:54:44.163+05:30 DEBUG 18676 --- [carebloom] [           main] s.w.s.m.m.a.RequestMappingHandlerAdapter : ControllerAdvice beans: 0 @ModelAttribute, 0 @InitBinder, 1 RequestBodyAdvice, 1 ResponseBodyAdvice
2025-08-07T16:54:44.219+05:30 DEBUG 18676 --- [carebloom] [           main] .m.m.a.ExceptionHandlerExceptionResolver : ControllerAdvice beans: 1 @ExceptionHandler, 1 ResponseBodyAdvice
2025-08-07T16:54:44.329+05:30  WARN 18676 --- [carebloom] [           main] .s.s.UserDetailsServiceAutoConfiguration : 

Using generated security password: 9f79ae83-08e3-4d1e-993f-ccf0850cb724

This generated password is for development use only. Your security configuration must be updated before running your application in production.

2025-08-07T16:54:44.341+05:30  INFO 18676 --- [carebloom] [           main] r$InitializeUserDetailsManagerConfigurer : Global AuthenticationManager configured with UserDetailsService bean with name inMemoryUserDetailsManager
2025-08-07T16:54:44.433+05:30 DEBUG 18676 --- [carebloom] [           main] o.s.s.web.DefaultSecurityFilterChain     : Will secure any request with filters: DisableEncodeUrlFilter, WebAsyncManagerIntegrationFilter, SecurityContextHolderFilter, HeaderWriterFilter, CsrfFilter, LogoutFilter, UsernamePasswordAuthenticationFilter, DefaultResourcesFilter, DefaultLoginPageGeneratingFilter, DefaultLogoutPageGeneratingFilter, BasicAuthenticationFilter, RequestCacheAwareFilter, SecurityContextHolderAwareRequestFilter, AnonymousAuthenticationFilter, ExceptionTranslationFilter, AuthorizationFilter
2025-08-07T16:54:44.484+05:30 DEBUG 18676 --- [carebloom] [           main] c.e.c.config.RoleAuthenticationFilter    : Filter 'roleAuthenticationFilter' configured for use
2025-08-07T16:54:44.491+05:30  INFO 18676 --- [carebloom] [           main] o.s.b.t.m.w.SpringBootMockServletContext : Initializing Spring TestDispatcherServlet ''
2025-08-07T16:54:44.492+05:30  INFO 18676 --- [carebloom] [           main] o.s.t.web.servlet.TestDispatcherServlet  : Initializing Servlet ''
2025-08-07T16:54:44.492+05:30 DEBUG 18676 --- [carebloom] [           main] o.s.t.web.servlet.TestDispatcherServlet  : Detected AcceptHeaderLocaleResolver
2025-08-07T16:54:44.492+05:30 DEBUG 18676 --- [carebloom] [           main] o.s.t.web.servlet.TestDispatcherServlet  : Detected FixedThemeResolver
2025-08-07T16:54:44.493+05:30 DEBUG 18676 --- [carebloom] [           main] o.s.t.web.servlet.TestDispatcherServlet  : Detected org.springframework.web.servlet.view.DefaultRequestToViewNameTranslator@66226ab
2025-08-07T16:54:44.493+05:30 DEBUG 18676 --- [carebloom] [           main] o.s.t.web.servlet.TestDispatcherServlet  : Detected org.springframework.web.servlet.support.SessionFlashMapManager@38093ffe
2025-08-07T16:54:44.493+05:30 DEBUG 18676 --- [carebloom] [           main] o.s.t.web.servlet.TestDispatcherServlet  : enableLoggingRequestDetails='false': request parameters and headers will be masked to prevent unsafe logging of potentially sensitive data
2025-08-07T16:54:44.494+05:30  INFO 18676 --- [carebloom] [           main] o.s.t.web.servlet.TestDispatcherServlet  : Completed initialization in 2 ms
2025-08-07T16:54:44.530+05:30  INFO 18676 --- [carebloom] [           main] c.e.c.c.admin.AdminControllersTest       : Started AdminControllersTest in 3.226 seconds (process running for 4.377)
2025-08-07T16:54:44.536+05:30 DEBUG 18676 --- [carebloom] [           main] org.springframework.test.context.cache   : Spring test ApplicationContext cache statistics: [DefaultContextCache@152035eb size = 1, maxSize = 32, parentContextCount = 0, hitCount = 0, missCount = 1, failureCount = 0]
2025-08-07T16:54:44.538+05:30 DEBUG 18676 --- [carebloom] [           main] DependencyInjectionTestExecutionListener : Performing dependency injection for test class com.example.carebloom.controllers.admin.AdminControllersTest
2025-08-07T16:54:44.539+05:30 DEBUG 18676 --- [carebloom] [           main] org.springframework.test.context.cache   : Spring test ApplicationContext cache statistics: [DefaultContextCache@152035eb size = 1, maxSize = 32, parentContextCount = 0, hitCount = 1, missCount = 1, failureCount = 0]
2025-08-07T16:54:44.545+05:30 DEBUG 18676 --- [carebloom] [           main] org.springframework.test.context.cache   : Spring test ApplicationContext cache statistics: [DefaultContextCache@152035eb size = 1, maxSize = 32, parentContextCount = 0, hitCount = 2, missCount = 1, failureCount = 0]
2025-08-07T16:54:44.547+05:30 DEBUG 18676 --- [carebloom] [           main] DependencyInjectionTestExecutionListener : Performing dependency injection for test class com.example.carebloom.controllers.admin.AdminControllersTest$EmailCheckControllerTests
2025-08-07T16:54:44.547+05:30 DEBUG 18676 --- [carebloom] [           main] org.springframework.test.context.cache   : Spring test ApplicationContext cache statistics: [DefaultContextCache@152035eb size = 1, maxSize = 32, parentContextCount = 0, hitCount = 3, missCount = 1, failureCount = 0]
2025-08-07T16:54:44.548+05:30 DEBUG 18676 --- [carebloom] [           main] org.springframework.test.context.cache   : Spring test ApplicationContext cache statistics: [DefaultContextCache@152035eb size = 1, maxSize = 32, parentContextCount = 0, hitCount = 4, missCount = 1, failureCount = 0]
2025-08-07T16:54:44.554+05:30 DEBUG 18676 --- [carebloom] [           main] sContextBeforeModesTestExecutionListener : Before test method: class [EmailCheckControllerTests], method [checkEmail_MissingEmail_Returns400], class annotated with @DirtiesContext [false] with mode [null], method annotated with @DirtiesContext [false] with mode [null]
2025-08-07T16:54:44.558+05:30 DEBUG 18676 --- [carebloom] [           main] org.springframework.test.context.cache   : Spring test ApplicationContext cache statistics: [DefaultContextCache@152035eb size = 1, maxSize = 32, parentContextCount = 0, hitCount = 5, missCount = 1, failureCount = 0]
2025-08-07T16:54:44.559+05:30 DEBUG 18676 --- [carebloom] [           main] org.springframework.test.context.cache   : Spring test ApplicationContext cache statistics: [DefaultContextCache@152035eb size = 1, maxSize = 32, parentContextCount = 0, hitCount = 6, missCount = 1, failureCount = 0]
2025-08-07T16:54:44.561+05:30 DEBUG 18676 --- [carebloom] [           main] org.springframework.test.context.cache   : Spring test ApplicationContext cache statistics: [DefaultContextCache@152035eb size = 1, maxSize = 32, parentContextCount = 0, hitCount = 7, missCount = 1, failureCount = 0]
2025-08-07T16:54:44.564+05:30 DEBUG 18676 --- [carebloom] [           main] org.springframework.test.context.cache   : Spring test ApplicationContext cache statistics: [DefaultContextCache@152035eb size = 1, maxSize = 32, parentContextCount = 0, hitCount = 8, missCount = 1, failureCount = 0]
2025-08-07T16:54:44.613+05:30 DEBUG 18676 --- [carebloom] [           main] o.s.security.web.FilterChainProxy        : Securing GET /api/v1/admin/users/check-email
2025-08-07T16:54:44.625+05:30 DEBUG 18676 --- [carebloom] [           main] o.s.s.w.a.AnonymousAuthenticationFilter  : Set SecurityContextHolder to anonymous SecurityContext
2025-08-07T16:54:44.632+05:30 DEBUG 18676 --- [carebloom] [           main] o.s.s.w.s.HttpSessionRequestCache        : Saved request http://localhost/api/v1/admin/users/check-email?continue to session
2025-08-07T16:54:44.636+05:30 DEBUG 18676 --- [carebloom] [           main] s.w.a.DelegatingAuthenticationEntryPoint : Trying to match using And [Not [RequestHeaderRequestMatcher [expectedHeaderName=X-Requested-With, expectedHeaderValue=XMLHttpRequest]], MediaTypeRequestMatcher [contentNegotiationStrategy=org.springframework.web.accept.ContentNegotiationManager@495bc9e7, matchingMediaTypes=[application/xhtml+xml, image/*, text/html, text/plain], useEquals=false, ignoredMediaTypes=[*/*]]]
2025-08-07T16:54:44.636+05:30 DEBUG 18676 --- [carebloom] [           main] s.w.a.DelegatingAuthenticationEntryPoint : Trying to match using Or [RequestHeaderRequestMatcher [expectedHeaderName=X-Requested-With, expectedHeaderValue=XMLHttpRequest], And [Not [MediaTypeRequestMatcher [contentNegotiationStrategy=org.springframework.web.accept.ContentNegotiationManager@495bc9e7, matchingMediaTypes=[text/html], useEquals=false, ignoredMediaTypes=[]]], MediaTypeRequestMatcher [contentNegotiationStrategy=org.springframework.web.accept.ContentNegotiationManager@495bc9e7, matchingMediaTypes=[application/atom+xml, application/x-www-form-urlencoded, application/json, application/octet-stream, application/xml, multipart/form-data, text/xml], useEquals=false, ignoredMediaTypes=[*/*]]], MediaTypeRequestMatcher [contentNegotiationStrategy=org.springframework.web.accept.ContentNegotiationManager@495bc9e7, matchingMediaTypes=[*/*], useEquals=true, ignoredMediaTypes=[]]]
2025-08-07T16:54:44.637+05:30 DEBUG 18676 --- [carebloom] [           main] s.w.a.DelegatingAuthenticationEntryPoint : Match found! Executing org.springframework.security.web.authentication.DelegatingAuthenticationEntryPoint@5ddf5118
2025-08-07T16:54:44.637+05:30 DEBUG 18676 --- [carebloom] [           main] s.w.a.DelegatingAuthenticationEntryPoint : Trying to match using RequestHeaderRequestMatcher [expectedHeaderName=X-Requested-With, expectedHeaderValue=XMLHttpRequest]
2025-08-07T16:54:44.637+05:30 DEBUG 18676 --- [carebloom] [           main] s.w.a.DelegatingAuthenticationEntryPoint : No match found. Using default entry point org.springframework.security.web.authentication.www.BasicAuthenticationEntryPoint@63318b56
2025-08-07T16:54:44.664+05:30 DEBUG 18676 --- [carebloom] [           main] org.springframework.test.context.cache   : Spring test ApplicationContext cache statistics: [DefaultContextCache@152035eb size = 1, maxSize = 32, parentContextCount = 0, hitCount = 9, missCount = 1, failureCount = 0]
2025-08-07T16:54:44.665+05:30 DEBUG 18676 --- [carebloom] [           main] org.springframework.test.context.cache   : Spring test ApplicationContext cache statistics: [DefaultContextCache@152035eb size = 1, maxSize = 32, parentContextCount = 0, hitCount = 10, missCount = 1, failureCount = 0]
2025-08-07T16:54:44.666+05:30 DEBUG 18676 --- [carebloom] [           main] org.springframework.test.context.cache   : Spring test ApplicationContext cache statistics: [DefaultContextCache@152035eb size = 1, maxSize = 32, parentContextCount = 0, hitCount = 11, missCount = 1, failureCount = 0]
2025-08-07T16:54:44.666+05:30 DEBUG 18676 --- [carebloom] [           main] org.springframework.test.context.cache   : Spring test ApplicationContext cache statistics: [DefaultContextCache@152035eb size = 1, maxSize = 32, parentContextCount = 0, hitCount = 12, missCount = 1, failureCount = 0]

MockHttpServletRequest:
      HTTP Method = GET
      Request URI = /api/v1/admin/users/check-email
       Parameters = {}
          Headers = [Content-Type:"application/json;charset=UTF-8"]
             Body = null
    Session Attrs = {SPRING_SECURITY_SAVED_REQUEST=DefaultSavedRequest [http://localhost/api/v1/admin/users/check-email?continue]}

Handler:
             Type = null

Async:
    Async started = false
     Async result = null

Resolved Exception:
             Type = null

ModelAndView:
        View name = null
             View = null
            Model = null

FlashMap:
       Attributes = null

MockHttpServletResponse:
           Status = 401
    Error message = Unauthorized
          Headers = [WWW-Authenticate:"Basic realm="Realm"", X-Content-Type-Options:"nosniff", X-XSS-Protection:"0", Cache-Control:"no-cache, no-store, max-age=0, must-revalidate", Pragma:"no-cache", Expires:"0", X-Frame-Options:"DENY"]
     Content type = null
             Body = 
    Forwarded URL = null
   Redirected URL = null
          Cookies = []
2025-08-07T16:54:44.667+05:30 DEBUG 18676 --- [carebloom] [           main] org.springframework.test.context.cache   : Spring test ApplicationContext cache statistics: [DefaultContextCache@152035eb size = 1, maxSize = 32, parentContextCount = 0, hitCount = 13, missCount = 1, failureCount = 0]
2025-08-07T16:54:44.669+05:30 DEBUG 18676 --- [carebloom] [           main] org.springframework.test.context.cache   : Spring test ApplicationContext cache statistics: [DefaultContextCache@152035eb size = 1, maxSize = 32, parentContextCount = 0, hitCount = 14, missCount = 1, failureCount = 0]
2025-08-07T16:54:44.670+05:30 DEBUG 18676 --- [carebloom] [           main] org.springframework.test.context.cache   : Spring test ApplicationContext cache statistics: [DefaultContextCache@152035eb size = 1, maxSize = 32, parentContextCount = 0, hitCount = 15, missCount = 1, failureCount = 0]
2025-08-07T16:54:44.671+05:30 DEBUG 18676 --- [carebloom] [           main] .c.s.DirtiesContextTestExecutionListener : After test method: class [EmailCheckControllerTests], method [checkEmail_MissingEmail_Returns400], class annotated with @DirtiesContext [false] with mode [null], method annotated with @DirtiesContext [false] with mode [null]
2025-08-07T16:54:44.685+05:30 DEBUG 18676 --- [carebloom] [           main] org.springframework.test.context.cache   : Spring test ApplicationContext cache statistics: [DefaultContextCache@152035eb size = 1, maxSize = 32, parentContextCount = 0, hitCount = 16, missCount = 1, failureCount = 0]
2025-08-07T16:54:44.686+05:30 DEBUG 18676 --- [carebloom] [           main] DependencyInjectionTestExecutionListener : Performing dependency injection for test class com.example.carebloom.controllers.admin.AdminControllersTest
2025-08-07T16:54:44.687+05:30 DEBUG 18676 --- [carebloom] [           main] org.springframework.test.context.cache   : Spring test ApplicationContext cache statistics: [DefaultContextCache@152035eb size = 1, maxSize = 32, parentContextCount = 0, hitCount = 17, missCount = 1, failureCount = 0]
2025-08-07T16:54:44.687+05:30 DEBUG 18676 --- [carebloom] [           main] org.springframework.test.context.cache   : Spring test ApplicationContext cache statistics: [DefaultContextCache@152035eb size = 1, maxSize = 32, parentContextCount = 0, hitCount = 18, missCount = 1, failureCount = 0]
2025-08-07T16:54:44.688+05:30 DEBUG 18676 --- [carebloom] [           main] DependencyInjectionTestExecutionListener : Performing dependency injection for test class com.example.carebloom.controllers.admin.AdminControllersTest$EmailCheckControllerTests
2025-08-07T16:54:44.688+05:30 DEBUG 18676 --- [carebloom] [           main] org.springframework.test.context.cache   : Spring test ApplicationContext cache statistics: [DefaultContextCache@152035eb size = 1, maxSize = 32, parentContextCount = 0, hitCount = 19, missCount = 1, failureCount = 0]
2025-08-07T16:54:44.688+05:30 DEBUG 18676 --- [carebloom] [           main] org.springframework.test.context.cache   : Spring test ApplicationContext cache statistics: [DefaultContextCache@152035eb size = 1, maxSize = 32, parentContextCount = 0, hitCount = 20, missCount = 1, failureCount = 0]
2025-08-07T16:54:44.690+05:30 DEBUG 18676 --- [carebloom] [           main] sContextBeforeModesTestExecutionListener : Before test method: class [EmailCheckControllerTests], method [checkEmail_EmailDoesNotExist_ReturnsFalse], class annotated with @DirtiesContext [false] with mode [null], method annotated with @DirtiesContext [false] with mode [null]
2025-08-07T16:54:44.690+05:30 DEBUG 18676 --- [carebloom] [           main] org.springframework.test.context.cache   : Spring test ApplicationContext cache statistics: [DefaultContextCache@152035eb size = 1, maxSize = 32, parentContextCount = 0, hitCount = 21, missCount = 1, failureCount = 0]
2025-08-07T16:54:44.690+05:30 DEBUG 18676 --- [carebloom] [           main] org.springframework.test.context.cache   : Spring test ApplicationContext cache statistics: [DefaultContextCache@152035eb size = 1, maxSize = 32, parentContextCount = 0, hitCount = 22, missCount = 1, failureCount = 0]
2025-08-07T16:54:44.691+05:30 DEBUG 18676 --- [carebloom] [           main] org.springframework.test.context.cache   : Spring test ApplicationContext cache statistics: [DefaultContextCache@152035eb size = 1, maxSize = 32, parentContextCount = 0, hitCount = 23, missCount = 1, failureCount = 0]
2025-08-07T16:54:44.692+05:30 DEBUG 18676 --- [carebloom] [           main] org.springframework.test.context.cache   : Spring test ApplicationContext cache statistics: [DefaultContextCache@152035eb size = 1, maxSize = 32, parentContextCount = 0, hitCount = 24, missCount = 1, failureCount = 0]
2025-08-07T16:54:44.708+05:30 DEBUG 18676 --- [carebloom] [           main] o.s.security.web.FilterChainProxy        : Securing GET /api/v1/admin/users/check-email
2025-08-07T16:54:44.709+05:30 DEBUG 18676 --- [carebloom] [           main] o.s.s.w.a.AnonymousAuthenticationFilter  : Set SecurityContextHolder to anonymous SecurityContext
2025-08-07T16:54:44.710+05:30 DEBUG 18676 --- [carebloom] [           main] o.s.s.w.s.HttpSessionRequestCache        : Saved request http://localhost/api/v1/admin/users/check-email?continue to session
2025-08-07T16:54:44.710+05:30 DEBUG 18676 --- [carebloom] [           main] s.w.a.DelegatingAuthenticationEntryPoint : Trying to match using And [Not [RequestHeaderRequestMatcher [expectedHeaderName=X-Requested-With, expectedHeaderValue=XMLHttpRequest]], MediaTypeRequestMatcher [contentNegotiationStrategy=org.springframework.web.accept.ContentNegotiationManager@495bc9e7, matchingMediaTypes=[application/xhtml+xml, image/*, text/html, text/plain], useEquals=false, ignoredMediaTypes=[*/*]]]
2025-08-07T16:54:44.710+05:30 DEBUG 18676 --- [carebloom] [           main] s.w.a.DelegatingAuthenticationEntryPoint : Trying to match using Or [RequestHeaderRequestMatcher [expectedHeaderName=X-Requested-With, expectedHeaderValue=XMLHttpRequest], And [Not [MediaTypeRequestMatcher [contentNegotiationStrategy=org.springframework.web.accept.ContentNegotiationManager@495bc9e7, matchingMediaTypes=[text/html], useEquals=false, ignoredMediaTypes=[]]], MediaTypeRequestMatcher [contentNegotiationStrategy=org.springframework.web.accept.ContentNegotiationManager@495bc9e7, matchingMediaTypes=[application/atom+xml, application/x-www-form-urlencoded, application/json, application/octet-stream, application/xml, multipart/form-data, text/xml], useEquals=false, ignoredMediaTypes=[*/*]]], MediaTypeRequestMatcher [contentNegotiationStrategy=org.springframework.web.accept.ContentNegotiationManager@495bc9e7, matchingMediaTypes=[*/*], useEquals=true, ignoredMediaTypes=[]]]
2025-08-07T16:54:44.710+05:30 DEBUG 18676 --- [carebloom] [           main] s.w.a.DelegatingAuthenticationEntryPoint : Match found! Executing org.springframework.security.web.authentication.DelegatingAuthenticationEntryPoint@5ddf5118
2025-08-07T16:54:44.710+05:30 DEBUG 18676 --- [carebloom] [           main] s.w.a.DelegatingAuthenticationEntryPoint : Trying to match using RequestHeaderRequestMatcher [expectedHeaderName=X-Requested-With, expectedHeaderValue=XMLHttpRequest]
2025-08-07T16:54:44.710+05:30 DEBUG 18676 --- [carebloom] [           main] s.w.a.DelegatingAuthenticationEntryPoint : No match found. Using default entry point org.springframework.security.web.authentication.www.BasicAuthenticationEntryPoint@63318b56
2025-08-07T16:54:44.712+05:30 DEBUG 18676 --- [carebloom] [           main] org.springframework.test.context.cache   : Spring test ApplicationContext cache statistics: [DefaultContextCache@152035eb size = 1, maxSize = 32, parentContextCount = 0, hitCount = 25, missCount = 1, failureCount = 0]
2025-08-07T16:54:44.713+05:30 DEBUG 18676 --- [carebloom] [           main] org.springframework.test.context.cache   : Spring test ApplicationContext cache statistics: [DefaultContextCache@152035eb size = 1, maxSize = 32, parentContextCount = 0, hitCount = 26, missCount = 1, failureCount = 0]
2025-08-07T16:54:44.714+05:30 DEBUG 18676 --- [carebloom] [           main] org.springframework.test.context.cache   : Spring test ApplicationContext cache statistics: [DefaultContextCache@152035eb size = 1, maxSize = 32, parentContextCount = 0, hitCount = 27, missCount = 1, failureCount = 0]
2025-08-07T16:54:44.714+05:30 DEBUG 18676 --- [carebloom] [           main] org.springframework.test.context.cache   : Spring test ApplicationContext cache statistics: [DefaultContextCache@152035eb size = 1, maxSize = 32, parentContextCount = 0, hitCount = 28, missCount = 1, failureCount = 0]

MockHttpServletRequest:
      HTTP Method = GET
      Request URI = /api/v1/admin/users/check-email
       Parameters = {email=[new@example.com]}
          Headers = [Content-Type:"application/json;charset=UTF-8"]
             Body = null
    Session Attrs = {SPRING_SECURITY_SAVED_REQUEST=DefaultSavedRequest [http://localhost/api/v1/admin/users/check-email?continue]}

Handler:
             Type = null

Async:
    Async started = false
     Async result = null

Resolved Exception:
             Type = null

ModelAndView:
        View name = null
             View = null
            Model = null

FlashMap:
       Attributes = null

MockHttpServletResponse:
           Status = 401
    Error message = Unauthorized
          Headers = [WWW-Authenticate:"Basic realm="Realm"", X-Content-Type-Options:"nosniff", X-XSS-Protection:"0", Cache-Control:"no-cache, no-store, max-age=0, must-revalidate", Pragma:"no-cache", Expires:"0", X-Frame-Options:"DENY"]
     Content type = null
             Body = 
    Forwarded URL = null
   Redirected URL = null
          Cookies = []
2025-08-07T16:54:44.715+05:30 DEBUG 18676 --- [carebloom] [           main] org.springframework.test.context.cache   : Spring test ApplicationContext cache statistics: [DefaultContextCache@152035eb size = 1, maxSize = 32, parentContextCount = 0, hitCount = 29, missCount = 1, failureCount = 0]
2025-08-07T16:54:44.715+05:30 DEBUG 18676 --- [carebloom] [           main] org.springframework.test.context.cache   : Spring test ApplicationContext cache statistics: [DefaultContextCache@152035eb size = 1, maxSize = 32, parentContextCount = 0, hitCount = 30, missCount = 1, failureCount = 0]
2025-08-07T16:54:44.716+05:30 DEBUG 18676 --- [carebloom] [           main] org.springframework.test.context.cache   : Spring test ApplicationContext cache statistics: [DefaultContextCache@152035eb size = 1, maxSize = 32, parentContextCount = 0, hitCount = 31, missCount = 1, failureCount = 0]
2025-08-07T16:54:44.717+05:30 DEBUG 18676 --- [carebloom] [           main] .c.s.DirtiesContextTestExecutionListener : After test method: class [EmailCheckControllerTests], method [checkEmail_EmailDoesNotExist_ReturnsFalse], class annotated with @DirtiesContext [false] with mode [null], method annotated with @DirtiesContext [false] with mode [null]
2025-08-07T16:54:44.719+05:30 DEBUG 18676 --- [carebloom] [           main] org.springframework.test.context.cache   : Spring test ApplicationContext cache statistics: [DefaultContextCache@152035eb size = 1, maxSize = 32, parentContextCount = 0, hitCount = 32, missCount = 1, failureCount = 0]
2025-08-07T16:54:44.720+05:30 DEBUG 18676 --- [carebloom] [           main] DependencyInjectionTestExecutionListener : Performing dependency injection for test class com.example.carebloom.controllers.admin.AdminControllersTest
2025-08-07T16:54:44.720+05:30 DEBUG 18676 --- [carebloom] [           main] org.springframework.test.context.cache   : Spring test ApplicationContext cache statistics: [DefaultContextCache@152035eb size = 1, maxSize = 32, parentContextCount = 0, hitCount = 33, missCount = 1, failureCount = 0]
2025-08-07T16:54:44.720+05:30 DEBUG 18676 --- [carebloom] [           main] org.springframework.test.context.cache   : Spring test ApplicationContext cache statistics: [DefaultContextCache@152035eb size = 1, maxSize = 32, parentContextCount = 0, hitCount = 34, missCount = 1, failureCount = 0]
2025-08-07T16:54:44.722+05:30 DEBUG 18676 --- [carebloom] [           main] DependencyInjectionTestExecutionListener : Performing dependency injection for test class com.example.carebloom.controllers.admin.AdminControllersTest$EmailCheckControllerTests
2025-08-07T16:54:44.722+05:30 DEBUG 18676 --- [carebloom] [           main] org.springframework.test.context.cache   : Spring test ApplicationContext cache statistics: [DefaultContextCache@152035eb size = 1, maxSize = 32, parentContextCount = 0, hitCount = 35, missCount = 1, failureCount = 0]
2025-08-07T16:54:44.723+05:30 DEBUG 18676 --- [carebloom] [           main] org.springframework.test.context.cache   : Spring test ApplicationContext cache statistics: [DefaultContextCache@152035eb size = 1, maxSize = 32, parentContextCount = 0, hitCount = 36, missCount = 1, failureCount = 0]
2025-08-07T16:54:44.724+05:30 DEBUG 18676 --- [carebloom] [           main] sContextBeforeModesTestExecutionListener : Before test method: class [EmailCheckControllerTests], method [checkEmail_ServiceException_Returns500], class annotated with @DirtiesContext [false] with mode [null], method annotated with @DirtiesContext [false] with mode [null]
2025-08-07T16:54:44.726+05:30 DEBUG 18676 --- [carebloom] [           main] org.springframework.test.context.cache   : Spring test ApplicationContext cache statistics: [DefaultContextCache@152035eb size = 1, maxSize = 32, parentContextCount = 0, hitCount = 37, missCount = 1, failureCount = 0]
2025-08-07T16:54:44.726+05:30 DEBUG 18676 --- [carebloom] [           main] org.springframework.test.context.cache   : Spring test ApplicationContext cache statistics: [DefaultContextCache@152035eb size = 1, maxSize = 32, parentContextCount = 0, hitCount = 38, missCount = 1, failureCount = 0]
2025-08-07T16:54:44.727+05:30 DEBUG 18676 --- [carebloom] [           main] org.springframework.test.context.cache   : Spring test ApplicationContext cache statistics: [DefaultContextCache@152035eb size = 1, maxSize = 32, parentContextCount = 0, hitCount = 39, missCount = 1, failureCount = 0]
2025-08-07T16:54:44.728+05:30 DEBUG 18676 --- [carebloom] [           main] org.springframework.test.context.cache   : Spring test ApplicationContext cache statistics: [DefaultContextCache@152035eb size = 1, maxSize = 32, parentContextCount = 0, hitCount = 40, missCount = 1, failureCount = 0]
2025-08-07T16:54:44.732+05:30 DEBUG 18676 --- [carebloom] [           main] o.s.security.web.FilterChainProxy        : Securing GET /api/v1/admin/users/check-email
2025-08-07T16:54:44.732+05:30 DEBUG 18676 --- [carebloom] [           main] o.s.s.w.a.AnonymousAuthenticationFilter  : Set SecurityContextHolder to anonymous SecurityContext
2025-08-07T16:54:44.733+05:30 DEBUG 18676 --- [carebloom] [           main] o.s.s.w.s.HttpSessionRequestCache        : Saved request http://localhost/api/v1/admin/users/check-email?continue to session
2025-08-07T16:54:44.733+05:30 DEBUG 18676 --- [carebloom] [           main] s.w.a.DelegatingAuthenticationEntryPoint : Trying to match using And [Not [RequestHeaderRequestMatcher [expectedHeaderName=X-Requested-With, expectedHeaderValue=XMLHttpRequest]], MediaTypeRequestMatcher [contentNegotiationStrategy=org.springframework.web.accept.ContentNegotiationManager@495bc9e7, matchingMediaTypes=[application/xhtml+xml, image/*, text/html, text/plain], useEquals=false, ignoredMediaTypes=[*/*]]]
2025-08-07T16:54:44.733+05:30 DEBUG 18676 --- [carebloom] [           main] s.w.a.DelegatingAuthenticationEntryPoint : Trying to match using Or [RequestHeaderRequestMatcher [expectedHeaderName=X-Requested-With, expectedHeaderValue=XMLHttpRequest], And [Not [MediaTypeRequestMatcher [contentNegotiationStrategy=org.springframework.web.accept.ContentNegotiationManager@495bc9e7, matchingMediaTypes=[text/html], useEquals=false, ignoredMediaTypes=[]]], MediaTypeRequestMatcher [contentNegotiationStrategy=org.springframework.web.accept.ContentNegotiationManager@495bc9e7, matchingMediaTypes=[application/atom+xml, application/x-www-form-urlencoded, application/json, application/octet-stream, application/xml, multipart/form-data, text/xml], useEquals=false, ignoredMediaTypes=[*/*]]], MediaTypeRequestMatcher [contentNegotiationStrategy=org.springframework.web.accept.ContentNegotiationManager@495bc9e7, matchingMediaTypes=[*/*], useEquals=true, ignoredMediaTypes=[]]]
2025-08-07T16:54:44.733+05:30 DEBUG 18676 --- [carebloom] [           main] s.w.a.DelegatingAuthenticationEntryPoint : Match found! Executing org.springframework.security.web.authentication.DelegatingAuthenticationEntryPoint@5ddf5118
2025-08-07T16:54:44.733+05:30 DEBUG 18676 --- [carebloom] [           main] s.w.a.DelegatingAuthenticationEntryPoint : Trying to match using RequestHeaderRequestMatcher [expectedHeaderName=X-Requested-With, expectedHeaderValue=XMLHttpRequest]
2025-08-07T16:54:44.733+05:30 DEBUG 18676 --- [carebloom] [           main] s.w.a.DelegatingAuthenticationEntryPoint : No match found. Using default entry point org.springframework.security.web.authentication.www.BasicAuthenticationEntryPoint@63318b56
2025-08-07T16:54:44.735+05:30 DEBUG 18676 --- [carebloom] [           main] org.springframework.test.context.cache   : Spring test ApplicationContext cache statistics: [DefaultContextCache@152035eb size = 1, maxSize = 32, parentContextCount = 0, hitCount = 41, missCount = 1, failureCount = 0]
2025-08-07T16:54:44.736+05:30 DEBUG 18676 --- [carebloom] [           main] org.springframework.test.context.cache   : Spring test ApplicationContext cache statistics: [DefaultContextCache@152035eb size = 1, maxSize = 32, parentContextCount = 0, hitCount = 42, missCount = 1, failureCount = 0]
2025-08-07T16:54:44.737+05:30 DEBUG 18676 --- [carebloom] [           main] org.springframework.test.context.cache   : Spring test ApplicationContext cache statistics: [DefaultContextCache@152035eb size = 1, maxSize = 32, parentContextCount = 0, hitCount = 43, missCount = 1, failureCount = 0]
2025-08-07T16:54:44.737+05:30 DEBUG 18676 --- [carebloom] [           main] org.springframework.test.context.cache   : Spring test ApplicationContext cache statistics: [DefaultContextCache@152035eb size = 1, maxSize = 32, parentContextCount = 0, hitCount = 44, missCount = 1, failureCount = 0]

MockHttpServletRequest:
      HTTP Method = GET
      Request URI = /api/v1/admin/users/check-email
       Parameters = {email=[test@example.com]}
          Headers = [Content-Type:"application/json;charset=UTF-8"]
             Body = null
    Session Attrs = {SPRING_SECURITY_SAVED_REQUEST=DefaultSavedRequest [http://localhost/api/v1/admin/users/check-email?continue]}

Handler:
             Type = null

Async:
    Async started = false
     Async result = null

Resolved Exception:
             Type = null

ModelAndView:
        View name = null
             View = null
            Model = null

FlashMap:
       Attributes = null

MockHttpServletResponse:
           Status = 401
    Error message = Unauthorized
          Headers = [WWW-Authenticate:"Basic realm="Realm"", X-Content-Type-Options:"nosniff", X-XSS-Protection:"0", Cache-Control:"no-cache, no-store, max-age=0, must-revalidate", Pragma:"no-cache", Expires:"0", X-Frame-Options:"DENY"]
     Content type = null
             Body = 
    Forwarded URL = null
   Redirected URL = null
          Cookies = []
2025-08-07T16:54:44.738+05:30 DEBUG 18676 --- [carebloom] [           main] org.springframework.test.context.cache   : Spring test ApplicationContext cache statistics: [DefaultContextCache@152035eb size = 1, maxSize = 32, parentContextCount = 0, hitCount = 45, missCount = 1, failureCount = 0]
2025-08-07T16:54:44.739+05:30 DEBUG 18676 --- [carebloom] [           main] org.springframework.test.context.cache   : Spring test ApplicationContext cache statistics: [DefaultContextCache@152035eb size = 1, maxSize = 32, parentContextCount = 0, hitCount = 46, missCount = 1, failureCount = 0]
2025-08-07T16:54:44.739+05:30 DEBUG 18676 --- [carebloom] [           main] org.springframework.test.context.cache   : Spring test ApplicationContext cache statistics: [DefaultContextCache@152035eb size = 1, maxSize = 32, parentContextCount = 0, hitCount = 47, missCount = 1, failureCount = 0]
2025-08-07T16:54:44.740+05:30 DEBUG 18676 --- [carebloom] [           main] .c.s.DirtiesContextTestExecutionListener : After test method: class [EmailCheckControllerTests], method [checkEmail_ServiceException_Returns500], class annotated with @DirtiesContext [false] with mode [null], method annotated with @DirtiesContext [false] with mode [null]
2025-08-07T16:54:44.744+05:30 DEBUG 18676 --- [carebloom] [           main] org.springframework.test.context.cache   : Spring test ApplicationContext cache statistics: [DefaultContextCache@152035eb size = 1, maxSize = 32, parentContextCount = 0, hitCount = 48, missCount = 1, failureCount = 0]
2025-08-07T16:54:44.744+05:30 DEBUG 18676 --- [carebloom] [           main] DependencyInjectionTestExecutionListener : Performing dependency injection for test class com.example.carebloom.controllers.admin.AdminControllersTest
2025-08-07T16:54:44.745+05:30 DEBUG 18676 --- [carebloom] [           main] org.springframework.test.context.cache   : Spring test ApplicationContext cache statistics: [DefaultContextCache@152035eb size = 1, maxSize = 32, parentContextCount = 0, hitCount = 49, missCount = 1, failureCount = 0]
2025-08-07T16:54:44.745+05:30 DEBUG 18676 --- [carebloom] [           main] org.springframework.test.context.cache   : Spring test ApplicationContext cache statistics: [DefaultContextCache@152035eb size = 1, maxSize = 32, parentContextCount = 0, hitCount = 50, missCount = 1, failureCount = 0]
2025-08-07T16:54:44.746+05:30 DEBUG 18676 --- [carebloom] [           main] DependencyInjectionTestExecutionListener : Performing dependency injection for test class com.example.carebloom.controllers.admin.AdminControllersTest$EmailCheckControllerTests
2025-08-07T16:54:44.746+05:30 DEBUG 18676 --- [carebloom] [           main] org.springframework.test.context.cache   : Spring test ApplicationContext cache statistics: [DefaultContextCache@152035eb size = 1, maxSize = 32, parentContextCount = 0, hitCount = 51, missCount = 1, failureCount = 0]
2025-08-07T16:54:44.747+05:30 DEBUG 18676 --- [carebloom] [           main] org.springframework.test.context.cache   : Spring test ApplicationContext cache statistics: [DefaultContextCache@152035eb size = 1, maxSize = 32, parentContextCount = 0, hitCount = 52, missCount = 1, failureCount = 0]
2025-08-07T16:54:44.748+05:30 DEBUG 18676 --- [carebloom] [           main] sContextBeforeModesTestExecutionListener : Before test method: class [EmailCheckControllerTests], method [checkEmail_EmailExists_ReturnsTrue], class annotated with @DirtiesContext [false] with mode [null], method annotated with @DirtiesContext [false] with mode [null]
2025-08-07T16:54:44.749+05:30 DEBUG 18676 --- [carebloom] [           main] org.springframework.test.context.cache   : Spring test ApplicationContext cache statistics: [DefaultContextCache@152035eb size = 1, maxSize = 32, parentContextCount = 0, hitCount = 53, missCount = 1, failureCount = 0]
2025-08-07T16:54:44.749+05:30 DEBUG 18676 --- [carebloom] [           main] org.springframework.test.context.cache   : Spring test ApplicationContext cache statistics: [DefaultContextCache@152035eb size = 1, maxSize = 32, parentContextCount = 0, hitCount = 54, missCount = 1, failureCount = 0]
2025-08-07T16:54:44.750+05:30 DEBUG 18676 --- [carebloom] [           main] org.springframework.test.context.cache   : Spring test ApplicationContext cache statistics: [DefaultContextCache@152035eb size = 1, maxSize = 32, parentContextCount = 0, hitCount = 55, missCount = 1, failureCount = 0]
2025-08-07T16:54:44.750+05:30 DEBUG 18676 --- [carebloom] [           main] org.springframework.test.context.cache   : Spring test ApplicationContext cache statistics: [DefaultContextCache@152035eb size = 1, maxSize = 32, parentContextCount = 0, hitCount = 56, missCount = 1, failureCount = 0]
2025-08-07T16:54:44.752+05:30 DEBUG 18676 --- [carebloom] [           main] o.s.security.web.FilterChainProxy        : Securing GET /api/v1/admin/users/check-email
2025-08-07T16:54:44.752+05:30 DEBUG 18676 --- [carebloom] [           main] o.s.s.w.a.AnonymousAuthenticationFilter  : Set SecurityContextHolder to anonymous SecurityContext
2025-08-07T16:54:44.752+05:30 DEBUG 18676 --- [carebloom] [           main] o.s.s.w.s.HttpSessionRequestCache        : Saved request http://localhost/api/v1/admin/users/check-email?continue to session
2025-08-07T16:54:44.752+05:30 DEBUG 18676 --- [carebloom] [           main] s.w.a.DelegatingAuthenticationEntryPoint : Trying to match using And [Not [RequestHeaderRequestMatcher [expectedHeaderName=X-Requested-With, expectedHeaderValue=XMLHttpRequest]], MediaTypeRequestMatcher [contentNegotiationStrategy=org.springframework.web.accept.ContentNegotiationManager@495bc9e7, matchingMediaTypes=[application/xhtml+xml, image/*, text/html, text/plain], useEquals=false, ignoredMediaTypes=[*/*]]]
2025-08-07T16:54:44.752+05:30 DEBUG 18676 --- [carebloom] [           main] s.w.a.DelegatingAuthenticationEntryPoint : Trying to match using Or [RequestHeaderRequestMatcher [expectedHeaderName=X-Requested-With, expectedHeaderValue=XMLHttpRequest], And [Not [MediaTypeRequestMatcher [contentNegotiationStrategy=org.springframework.web.accept.ContentNegotiationManager@495bc9e7, matchingMediaTypes=[text/html], useEquals=false, ignoredMediaTypes=[]]], MediaTypeRequestMatcher [contentNegotiationStrategy=org.springframework.web.accept.ContentNegotiationManager@495bc9e7, matchingMediaTypes=[application/atom+xml, application/x-www-form-urlencoded, application/json, application/octet-stream, application/xml, multipart/form-data, text/xml], useEquals=false, ignoredMediaTypes=[*/*]]], MediaTypeRequestMatcher [contentNegotiationStrategy=org.springframework.web.accept.ContentNegotiationManager@495bc9e7, matchingMediaTypes=[*/*], useEquals=true, ignoredMediaTypes=[]]]
2025-08-07T16:54:44.753+05:30 DEBUG 18676 --- [carebloom] [           main] s.w.a.DelegatingAuthenticationEntryPoint : Match found! Executing org.springframework.security.web.authentication.DelegatingAuthenticationEntryPoint@5ddf5118
2025-08-07T16:54:44.753+05:30 DEBUG 18676 --- [carebloom] [           main] s.w.a.DelegatingAuthenticationEntryPoint : Trying to match using RequestHeaderRequestMatcher [expectedHeaderName=X-Requested-With, expectedHeaderValue=XMLHttpRequest]
2025-08-07T16:54:44.753+05:30 DEBUG 18676 --- [carebloom] [           main] s.w.a.DelegatingAuthenticationEntryPoint : No match found. Using default entry point org.springframework.security.web.authentication.www.BasicAuthenticationEntryPoint@63318b56
2025-08-07T16:54:44.754+05:30 DEBUG 18676 --- [carebloom] [           main] org.springframework.test.context.cache   : Spring test ApplicationContext cache statistics: [DefaultContextCache@152035eb size = 1, maxSize = 32, parentContextCount = 0, hitCount = 57, missCount = 1, failureCount = 0]
2025-08-07T16:54:44.754+05:30 DEBUG 18676 --- [carebloom] [           main] org.springframework.test.context.cache   : Spring test ApplicationContext cache statistics: [DefaultContextCache@152035eb size = 1, maxSize = 32, parentContextCount = 0, hitCount = 58, missCount = 1, failureCount = 0]
2025-08-07T16:54:44.755+05:30 DEBUG 18676 --- [carebloom] [           main] org.springframework.test.context.cache   : Spring test ApplicationContext cache statistics: [DefaultContextCache@152035eb size = 1, maxSize = 32, parentContextCount = 0, hitCount = 59, missCount = 1, failureCount = 0]
2025-08-07T16:54:44.755+05:30 DEBUG 18676 --- [carebloom] [           main] org.springframework.test.context.cache   : Spring test ApplicationContext cache statistics: [DefaultContextCache@152035eb size = 1, maxSize = 32, parentContextCount = 0, hitCount = 60, missCount = 1, failureCount = 0]

MockHttpServletRequest:
      HTTP Method = GET
      Request URI = /api/v1/admin/users/check-email
       Parameters = {email=[existing@example.com]}
          Headers = [Content-Type:"application/json;charset=UTF-8"]
             Body = null
    Session Attrs = {SPRING_SECURITY_SAVED_REQUEST=DefaultSavedRequest [http://localhost/api/v1/admin/users/check-email?continue]}

Handler:
             Type = null

Async:
    Async started = false
     Async result = null

Resolved Exception:
             Type = null

ModelAndView:
        View name = null
             View = null
            Model = null

FlashMap:
       Attributes = null

MockHttpServletResponse:
           Status = 401
    Error message = Unauthorized
          Headers = [WWW-Authenticate:"Basic realm="Realm"", X-Content-Type-Options:"nosniff", X-XSS-Protection:"0", Cache-Control:"no-cache, no-store, max-age=0, must-revalidate", Pragma:"no-cache", Expires:"0", X-Frame-Options:"DENY"]
     Content type = null
             Body = 
    Forwarded URL = null
   Redirected URL = null
          Cookies = []
2025-08-07T16:54:44.756+05:30 DEBUG 18676 --- [carebloom] [           main] org.springframework.test.context.cache   : Spring test ApplicationContext cache statistics: [DefaultContextCache@152035eb size = 1, maxSize = 32, parentContextCount = 0, hitCount = 61, missCount = 1, failureCount = 0]
2025-08-07T16:54:44.756+05:30 DEBUG 18676 --- [carebloom] [           main] org.springframework.test.context.cache   : Spring test ApplicationContext cache statistics: [DefaultContextCache@152035eb size = 1, maxSize = 32, parentContextCount = 0, hitCount = 62, missCount = 1, failureCount = 0]
2025-08-07T16:54:44.757+05:30 DEBUG 18676 --- [carebloom] [           main] org.springframework.test.context.cache   : Spring test ApplicationContext cache statistics: [DefaultContextCache@152035eb size = 1, maxSize = 32, parentContextCount = 0, hitCount = 63, missCount = 1, failureCount = 0]
2025-08-07T16:54:44.757+05:30 DEBUG 18676 --- [carebloom] [           main] .c.s.DirtiesContextTestExecutionListener : After test method: class [EmailCheckControllerTests], method [checkEmail_EmailExists_ReturnsTrue], class annotated with @DirtiesContext [false] with mode [null], method annotated with @DirtiesContext [false] with mode [null]
2025-08-07T16:54:44.760+05:30 DEBUG 18676 --- [carebloom] [           main] org.springframework.test.context.cache   : Spring test ApplicationContext cache statistics: [DefaultContextCache@152035eb size = 1, maxSize = 32, parentContextCount = 0, hitCount = 64, missCount = 1, failureCount = 0]
2025-08-07T16:54:44.762+05:30 DEBUG 18676 --- [carebloom] [           main] DependencyInjectionTestExecutionListener : Performing dependency injection for test class com.example.carebloom.controllers.admin.AdminControllersTest
2025-08-07T16:54:44.763+05:30 DEBUG 18676 --- [carebloom] [           main] org.springframework.test.context.cache   : Spring test ApplicationContext cache statistics: [DefaultContextCache@152035eb size = 1, maxSize = 32, parentContextCount = 0, hitCount = 65, missCount = 1, failureCount = 0]
2025-08-07T16:54:44.764+05:30 DEBUG 18676 --- [carebloom] [           main] org.springframework.test.context.cache   : Spring test ApplicationContext cache statistics: [DefaultContextCache@152035eb size = 1, maxSize = 32, parentContextCount = 0, hitCount = 66, missCount = 1, failureCount = 0]
2025-08-07T16:54:44.764+05:30 DEBUG 18676 --- [carebloom] [           main] DependencyInjectionTestExecutionListener : Performing dependency injection for test class com.example.carebloom.controllers.admin.AdminControllersTest$EmailCheckControllerTests
2025-08-07T16:54:44.764+05:30 DEBUG 18676 --- [carebloom] [           main] org.springframework.test.context.cache   : Spring test ApplicationContext cache statistics: [DefaultContextCache@152035eb size = 1, maxSize = 32, parentContextCount = 0, hitCount = 67, missCount = 1, failureCount = 0]
2025-08-07T16:54:44.765+05:30 DEBUG 18676 --- [carebloom] [           main] org.springframework.test.context.cache   : Spring test ApplicationContext cache statistics: [DefaultContextCache@152035eb size = 1, maxSize = 32, parentContextCount = 0, hitCount = 68, missCount = 1, failureCount = 0]
2025-08-07T16:54:44.766+05:30 DEBUG 18676 --- [carebloom] [           main] sContextBeforeModesTestExecutionListener : Before test method: class [EmailCheckControllerTests], method [checkEmail_InvalidEmailFormat_Returns400], class annotated with @DirtiesContext [false] with mode [null], method annotated with @DirtiesContext [false] with mode [null]
2025-08-07T16:54:44.766+05:30 DEBUG 18676 --- [carebloom] [           main] org.springframework.test.context.cache   : Spring test ApplicationContext cache statistics: [DefaultContextCache@152035eb size = 1, maxSize = 32, parentContextCount = 0, hitCount = 69, missCount = 1, failureCount = 0]
2025-08-07T16:54:44.766+05:30 DEBUG 18676 --- [carebloom] [           main] org.springframework.test.context.cache   : Spring test ApplicationContext cache statistics: [DefaultContextCache@152035eb size = 1, maxSize = 32, parentContextCount = 0, hitCount = 70, missCount = 1, failureCount = 0]
2025-08-07T16:54:44.767+05:30 DEBUG 18676 --- [carebloom] [           main] org.springframework.test.context.cache   : Spring test ApplicationContext cache statistics: [DefaultContextCache@152035eb size = 1, maxSize = 32, parentContextCount = 0, hitCount = 71, missCount = 1, failureCount = 0]
2025-08-07T16:54:44.768+05:30 DEBUG 18676 --- [carebloom] [           main] org.springframework.test.context.cache   : Spring test ApplicationContext cache statistics: [DefaultContextCache@152035eb size = 1, maxSize = 32, parentContextCount = 0, hitCount = 72, missCount = 1, failureCount = 0]
2025-08-07T16:54:44.769+05:30 DEBUG 18676 --- [carebloom] [           main] o.s.security.web.FilterChainProxy        : Securing GET /api/v1/admin/users/check-email
2025-08-07T16:54:44.769+05:30 DEBUG 18676 --- [carebloom] [           main] o.s.s.w.a.AnonymousAuthenticationFilter  : Set SecurityContextHolder to anonymous SecurityContext
2025-08-07T16:54:44.769+05:30 DEBUG 18676 --- [carebloom] [           main] o.s.s.w.s.HttpSessionRequestCache        : Saved request http://localhost/api/v1/admin/users/check-email?continue to session
2025-08-07T16:54:44.769+05:30 DEBUG 18676 --- [carebloom] [           main] s.w.a.DelegatingAuthenticationEntryPoint : Trying to match using And [Not [RequestHeaderRequestMatcher [expectedHeaderName=X-Requested-With, expectedHeaderValue=XMLHttpRequest]], MediaTypeRequestMatcher [contentNegotiationStrategy=org.springframework.web.accept.ContentNegotiationManager@495bc9e7, matchingMediaTypes=[application/xhtml+xml, image/*, text/html, text/plain], useEquals=false, ignoredMediaTypes=[*/*]]]
2025-08-07T16:54:44.769+05:30 DEBUG 18676 --- [carebloom] [           main] s.w.a.DelegatingAuthenticationEntryPoint : Trying to match using Or [RequestHeaderRequestMatcher [expectedHeaderName=X-Requested-With, expectedHeaderValue=XMLHttpRequest], And [Not [MediaTypeRequestMatcher [contentNegotiationStrategy=org.springframework.web.accept.ContentNegotiationManager@495bc9e7, matchingMediaTypes=[text/html], useEquals=false, ignoredMediaTypes=[]]], MediaTypeRequestMatcher [contentNegotiationStrategy=org.springframework.web.accept.ContentNegotiationManager@495bc9e7, matchingMediaTypes=[application/atom+xml, application/x-www-form-urlencoded, application/json, application/octet-stream, application/xml, multipart/form-data, text/xml], useEquals=false, ignoredMediaTypes=[*/*]]], MediaTypeRequestMatcher [contentNegotiationStrategy=org.springframework.web.accept.ContentNegotiationManager@495bc9e7, matchingMediaTypes=[*/*], useEquals=true, ignoredMediaTypes=[]]]
2025-08-07T16:54:44.770+05:30 DEBUG 18676 --- [carebloom] [           main] s.w.a.DelegatingAuthenticationEntryPoint : Match found! Executing org.springframework.security.web.authentication.DelegatingAuthenticationEntryPoint@5ddf5118
2025-08-07T16:54:44.770+05:30 DEBUG 18676 --- [carebloom] [           main] s.w.a.DelegatingAuthenticationEntryPoint : Trying to match using RequestHeaderRequestMatcher [expectedHeaderName=X-Requested-With, expectedHeaderValue=XMLHttpRequest]
2025-08-07T16:54:44.770+05:30 DEBUG 18676 --- [carebloom] [           main] s.w.a.DelegatingAuthenticationEntryPoint : No match found. Using default entry point org.springframework.security.web.authentication.www.BasicAuthenticationEntryPoint@63318b56
2025-08-07T16:54:44.770+05:30 DEBUG 18676 --- [carebloom] [           main] org.springframework.test.context.cache   : Spring test ApplicationContext cache statistics: [DefaultContextCache@152035eb size = 1, maxSize = 32, parentContextCount = 0, hitCount = 73, missCount = 1, failureCount = 0]
2025-08-07T16:54:44.770+05:30 DEBUG 18676 --- [carebloom] [           main] org.springframework.test.context.cache   : Spring test ApplicationContext cache statistics: [DefaultContextCache@152035eb size = 1, maxSize = 32, parentContextCount = 0, hitCount = 74, missCount = 1, failureCount = 0]
2025-08-07T16:54:44.771+05:30 DEBUG 18676 --- [carebloom] [           main] org.springframework.test.context.cache   : Spring test ApplicationContext cache statistics: [DefaultContextCache@152035eb size = 1, maxSize = 32, parentContextCount = 0, hitCount = 75, missCount = 1, failureCount = 0]
2025-08-07T16:54:44.771+05:30 DEBUG 18676 --- [carebloom] [           main] org.springframework.test.context.cache   : Spring test ApplicationContext cache statistics: [DefaultContextCache@152035eb size = 1, maxSize = 32, parentContextCount = 0, hitCount = 76, missCount = 1, failureCount = 0]

MockHttpServletRequest:
      HTTP Method = GET
      Request URI = /api/v1/admin/users/check-email
       Parameters = {email=[invalid-email]}
          Headers = [Content-Type:"application/json;charset=UTF-8"]
             Body = null
    Session Attrs = {SPRING_SECURITY_SAVED_REQUEST=DefaultSavedRequest [http://localhost/api/v1/admin/users/check-email?continue]}

Handler:
             Type = null

Async:
    Async started = false
     Async result = null

Resolved Exception:
             Type = null

ModelAndView:
        View name = null
             View = null
            Model = null

FlashMap:
       Attributes = null

MockHttpServletResponse:
           Status = 401
    Error message = Unauthorized
          Headers = [WWW-Authenticate:"Basic realm="Realm"", X-Content-Type-Options:"nosniff", X-XSS-Protection:"0", Cache-Control:"no-cache, no-store, max-age=0, must-revalidate", Pragma:"no-cache", Expires:"0", X-Frame-Options:"DENY"]
     Content type = null
             Body = 
    Forwarded URL = null
   Redirected URL = null
          Cookies = []
2025-08-07T16:54:44.772+05:30 DEBUG 18676 --- [carebloom] [           main] org.springframework.test.context.cache   : Spring test ApplicationContext cache statistics: [DefaultContextCache@152035eb size = 1, maxSize = 32, parentContextCount = 0, hitCount = 77, missCount = 1, failureCount = 0]
2025-08-07T16:54:44.773+05:30 DEBUG 18676 --- [carebloom] [           main] org.springframework.test.context.cache   : Spring test ApplicationContext cache statistics: [DefaultContextCache@152035eb size = 1, maxSize = 32, parentContextCount = 0, hitCount = 78, missCount = 1, failureCount = 0]
2025-08-07T16:54:44.773+05:30 DEBUG 18676 --- [carebloom] [           main] org.springframework.test.context.cache   : Spring test ApplicationContext cache statistics: [DefaultContextCache@152035eb size = 1, maxSize = 32, parentContextCount = 0, hitCount = 79, missCount = 1, failureCount = 0]
2025-08-07T16:54:44.774+05:30 DEBUG 18676 --- [carebloom] [           main] .c.s.DirtiesContextTestExecutionListener : After test method: class [EmailCheckControllerTests], method [checkEmail_InvalidEmailFormat_Returns400], class annotated with @DirtiesContext [false] with mode [null], method annotated with @DirtiesContext [false] with mode [null]
2025-08-07T16:54:44.779+05:30 DEBUG 18676 --- [carebloom] [           main] org.springframework.test.context.cache   : Spring test ApplicationContext cache statistics: [DefaultContextCache@152035eb size = 1, maxSize = 32, parentContextCount = 0, hitCount = 80, missCount = 1, failureCount = 0]
2025-08-07T16:54:44.780+05:30 DEBUG 18676 --- [carebloom] [           main] org.springframework.test.context.cache   : Spring test ApplicationContext cache statistics: [DefaultContextCache@152035eb size = 1, maxSize = 32, parentContextCount = 0, hitCount = 81, missCount = 1, failureCount = 0]
2025-08-07T16:54:44.780+05:30 DEBUG 18676 --- [carebloom] [           main] .c.s.DirtiesContextTestExecutionListener : After test class: class [EmailCheckControllerTests], class annotated with @DirtiesContext [false] with mode [null]
[ERROR] Tests run: 5, Failures: 5, Errors: 0, Skipped: 0, Time elapsed: 3.542 s <<< FAILURE! -- in com.example.carebloom.controllers.admin.AdminControllersTest$EmailCheckControllerTests
[ERROR] com.example.carebloom.controllers.admin.AdminControllersTest$EmailCheckControllerTests.checkEmail_MissingEmail_Returns400 -- Time elapsed: 0.132 s <<< FAILURE!
java.lang.AssertionError: Status expected:<400> but was:<401>
	at org.springframework.test.util.AssertionErrors.fail(AssertionErrors.java:61)
	at org.springframework.test.util.AssertionErrors.assertEquals(AssertionErrors.java:128)
	at org.springframework.test.web.servlet.result.StatusResultMatchers.lambda$matcher$9(StatusResultMatchers.java:640)
	at org.springframework.test.web.servlet.MockMvc$1.andExpect(MockMvc.java:214)
	at com.example.carebloom.controllers.admin.AdminControllersTest$EmailCheckControllerTests.checkEmail_MissingEmail_Returns400(AdminControllersTest.java:203)
	at java.base/java.lang.reflect.Method.invoke(Unknown Source)
	at java.base/java.util.ArrayList.forEach(Unknown Source)
	at java.base/java.util.ArrayList.forEach(Unknown Source)
	at java.base/java.util.ArrayList.forEach(Unknown Source)

[ERROR] com.example.carebloom.controllers.admin.AdminControllersTest$EmailCheckControllerTests.checkEmail_EmailDoesNotExist_ReturnsFalse -- Time elapsed: 0.029 s <<< FAILURE!
java.lang.AssertionError: Status expected:<200> but was:<401>
	at org.springframework.test.util.AssertionErrors.fail(AssertionErrors.java:61)
	at org.springframework.test.util.AssertionErrors.assertEquals(AssertionErrors.java:128)
	at org.springframework.test.web.servlet.result.StatusResultMatchers.lambda$matcher$9(StatusResultMatchers.java:640)
	at org.springframework.test.web.servlet.MockMvc$1.andExpect(MockMvc.java:214)
	at com.example.carebloom.controllers.admin.AdminControllersTest$EmailCheckControllerTests.checkEmail_EmailDoesNotExist_ReturnsFalse(AdminControllersTest.java:177)
	at java.base/java.lang.reflect.Method.invoke(Unknown Source)
	at java.base/java.util.ArrayList.forEach(Unknown Source)
	at java.base/java.util.ArrayList.forEach(Unknown Source)
	at java.base/java.util.ArrayList.forEach(Unknown Source)

[ERROR] com.example.carebloom.controllers.admin.AdminControllersTest$EmailCheckControllerTests.checkEmail_ServiceException_Returns500 -- Time elapsed: 0.018 s <<< FAILURE!
java.lang.AssertionError: Status expected:<500> but was:<401>
	at org.springframework.test.util.AssertionErrors.fail(AssertionErrors.java:61)
	at org.springframework.test.util.AssertionErrors.assertEquals(AssertionErrors.java:128)
	at org.springframework.test.web.servlet.result.StatusResultMatchers.lambda$matcher$9(StatusResultMatchers.java:640)
	at org.springframework.test.web.servlet.MockMvc$1.andExpect(MockMvc.java:214)
	at com.example.carebloom.controllers.admin.AdminControllersTest$EmailCheckControllerTests.checkEmail_ServiceException_Returns500(AdminControllersTest.java:218)
	at java.base/java.lang.reflect.Method.invoke(Unknown Source)
	at java.base/java.util.ArrayList.forEach(Unknown Source)
	at java.base/java.util.ArrayList.forEach(Unknown Source)
	at java.base/java.util.ArrayList.forEach(Unknown Source)

[ERROR] com.example.carebloom.controllers.admin.AdminControllersTest$EmailCheckControllerTests.checkEmail_EmailExists_ReturnsTrue -- Time elapsed: 0.011 s <<< FAILURE!
java.lang.AssertionError: Status expected:<200> but was:<401>
	at org.springframework.test.util.AssertionErrors.fail(AssertionErrors.java:61)
	at org.springframework.test.util.AssertionErrors.assertEquals(AssertionErrors.java:128)
	at org.springframework.test.web.servlet.result.StatusResultMatchers.lambda$matcher$9(StatusResultMatchers.java:640)
	at org.springframework.test.web.servlet.MockMvc$1.andExpect(MockMvc.java:214)
	at com.example.carebloom.controllers.admin.AdminControllersTest$EmailCheckControllerTests.checkEmail_EmailExists_ReturnsTrue(AdminControllersTest.java:161)
	at java.base/java.lang.reflect.Method.invoke(Unknown Source)
	at java.base/java.util.ArrayList.forEach(Unknown Source)
	at java.base/java.util.ArrayList.forEach(Unknown Source)
	at java.base/java.util.ArrayList.forEach(Unknown Source)

[ERROR] com.example.carebloom.controllers.admin.AdminControllersTest$EmailCheckControllerTests.checkEmail_InvalidEmailFormat_Returns400 -- Time elapsed: 0.009 s <<< FAILURE!
java.lang.AssertionError: Status expected:<400> but was:<401>
	at org.springframework.test.util.AssertionErrors.fail(AssertionErrors.java:61)
	at org.springframework.test.util.AssertionErrors.assertEquals(AssertionErrors.java:128)
	at org.springframework.test.web.servlet.result.StatusResultMatchers.lambda$matcher$9(StatusResultMatchers.java:640)
	at org.springframework.test.web.servlet.MockMvc$1.andExpect(MockMvc.java:214)
	at com.example.carebloom.controllers.admin.AdminControllersTest$EmailCheckControllerTests.checkEmail_InvalidEmailFormat_Returns400(AdminControllersTest.java:192)
	at java.base/java.lang.reflect.Method.invoke(Unknown Source)
	at java.base/java.util.ArrayList.forEach(Unknown Source)
	at java.base/java.util.ArrayList.forEach(Unknown Source)
	at java.base/java.util.ArrayList.forEach(Unknown Source)

[INFO] Running com.example.carebloom.controllers.admin.AdminControllersTest$PlatformAdminAuthControllerTests
2025-08-07T16:54:44.790+05:30 DEBUG 18676 --- [carebloom] [           main] o.s.t.c.support.AbstractContextLoader    : Could not detect default resource locations for test class [com.example.carebloom.controllers.admin.AdminControllersTest$PlatformAdminAuthControllerTests]: no resource found for suffixes {-context.xml, Context.groovy}.
2025-08-07T16:54:44.790+05:30  INFO 18676 --- [carebloom] [           main] t.c.s.AnnotationConfigContextLoaderUtils : Could not detect default configuration classes for test class [com.example.carebloom.controllers.admin.AdminControllersTest$PlatformAdminAuthControllerTests]: PlatformAdminAuthControllerTests does not declare any static, non-private, non-final, nested classes annotated with @Configuration.
2025-08-07T16:54:44.811+05:30  INFO 18676 --- [carebloom] [           main] .b.t.c.SpringBootTestContextBootstrapper : Found @SpringBootConfiguration com.example.carebloom.CarebloomApplication for test class com.example.carebloom.controllers.admin.AdminControllersTest$PlatformAdminAuthControllerTests
2025-08-07T16:54:44.814+05:30 DEBUG 18676 --- [carebloom] [           main] .s.t.c.u.TestContextSpringFactoriesUtils : Skipping candidate TestExecutionListener [org.springframework.test.context.observation.MicrometerObservationRegistryTestExecutionListener] due to a missing dependency. Specify custom TestExecutionListener classes or make the default TestExecutionListener classes and their required dependencies available. Offending class: io.micrometer.context.ThreadLocalAccessor. MicrometerObservationRegistryTestExecutionListener requires io.micrometer:micrometer-observation:1.10.8 or higher and io.micrometer:context-propagation:1.0.3 or higher.
2025-08-07T16:54:44.815+05:30 DEBUG 18676 --- [carebloom] [           main] sContextBeforeModesTestExecutionListener : Before test class: class [PlatformAdminAuthControllerTests], class annotated with @DirtiesContext [false] with mode [null]
2025-08-07T16:54:44.816+05:30 DEBUG 18676 --- [carebloom] [           main] org.springframework.test.context.cache   : Spring test ApplicationContext cache statistics: [DefaultContextCache@152035eb size = 1, maxSize = 32, parentContextCount = 0, hitCount = 82, missCount = 1, failureCount = 0]
2025-08-07T16:54:44.817+05:30 DEBUG 18676 --- [carebloom] [           main] org.springframework.test.context.cache   : Spring test ApplicationContext cache statistics: [DefaultContextCache@152035eb size = 1, maxSize = 32, parentContextCount = 0, hitCount = 83, missCount = 1, failureCount = 0]
2025-08-07T16:54:44.818+05:30 DEBUG 18676 --- [carebloom] [           main] DependencyInjectionTestExecutionListener : Performing dependency injection for test class com.example.carebloom.controllers.admin.AdminControllersTest
2025-08-07T16:54:44.818+05:30 DEBUG 18676 --- [carebloom] [           main] org.springframework.test.context.cache   : Spring test ApplicationContext cache statistics: [DefaultContextCache@152035eb size = 1, maxSize = 32, parentContextCount = 0, hitCount = 84, missCount = 1, failureCount = 0]
2025-08-07T16:54:44.818+05:30 DEBUG 18676 --- [carebloom] [           main] org.springframework.test.context.cache   : Spring test ApplicationContext cache statistics: [DefaultContextCache@152035eb size = 1, maxSize = 32, parentContextCount = 0, hitCount = 85, missCount = 1, failureCount = 0]
2025-08-07T16:54:44.819+05:30 DEBUG 18676 --- [carebloom] [           main] DependencyInjectionTestExecutionListener : Performing dependency injection for test class com.example.carebloom.controllers.admin.AdminControllersTest$PlatformAdminAuthControllerTests
2025-08-07T16:54:44.819+05:30 DEBUG 18676 --- [carebloom] [           main] org.springframework.test.context.cache   : Spring test ApplicationContext cache statistics: [DefaultContextCache@152035eb size = 1, maxSize = 32, parentContextCount = 0, hitCount = 86, missCount = 1, failureCount = 0]
2025-08-07T16:54:44.820+05:30 DEBUG 18676 --- [carebloom] [           main] org.springframework.test.context.cache   : Spring test ApplicationContext cache statistics: [DefaultContextCache@152035eb size = 1, maxSize = 32, parentContextCount = 0, hitCount = 87, missCount = 1, failureCount = 0]
2025-08-07T16:54:44.822+05:30 DEBUG 18676 --- [carebloom] [           main] sContextBeforeModesTestExecutionListener : Before test method: class [PlatformAdminAuthControllerTests], method [verifyToken_ValidAdmin_ReturnsSuccess], class annotated with @DirtiesContext [false] with mode [null], method annotated with @DirtiesContext [false] with mode [null]
2025-08-07T16:54:44.824+05:30 DEBUG 18676 --- [carebloom] [           main] org.springframework.test.context.cache   : Spring test ApplicationContext cache statistics: [DefaultContextCache@152035eb size = 1, maxSize = 32, parentContextCount = 0, hitCount = 88, missCount = 1, failureCount = 0]
2025-08-07T16:54:44.824+05:30 DEBUG 18676 --- [carebloom] [           main] org.springframework.test.context.cache   : Spring test ApplicationContext cache statistics: [DefaultContextCache@152035eb size = 1, maxSize = 32, parentContextCount = 0, hitCount = 89, missCount = 1, failureCount = 0]
2025-08-07T16:54:44.824+05:30 DEBUG 18676 --- [carebloom] [           main] org.springframework.test.context.cache   : Spring test ApplicationContext cache statistics: [DefaultContextCache@152035eb size = 1, maxSize = 32, parentContextCount = 0, hitCount = 90, missCount = 1, failureCount = 0]
2025-08-07T16:54:44.825+05:30 DEBUG 18676 --- [carebloom] [           main] org.springframework.test.context.cache   : Spring test ApplicationContext cache statistics: [DefaultContextCache@152035eb size = 1, maxSize = 32, parentContextCount = 0, hitCount = 91, missCount = 1, failureCount = 0]
2025-08-07T16:54:44.879+05:30 DEBUG 18676 --- [carebloom] [           main] o.s.security.web.FilterChainProxy        : Securing POST /api/v1/admin/auth/verify
2025-08-07T16:54:44.880+05:30 DEBUG 18676 --- [carebloom] [           main] o.s.security.web.csrf.CsrfFilter         : Invalid CSRF token found for http://localhost/api/v1/admin/auth/verify
2025-08-07T16:54:44.880+05:30 DEBUG 18676 --- [carebloom] [           main] o.s.s.w.access.AccessDeniedHandlerImpl   : Responding with 403 status code
2025-08-07T16:54:44.882+05:30 DEBUG 18676 --- [carebloom] [           main] org.springframework.test.context.cache   : Spring test ApplicationContext cache statistics: [DefaultContextCache@152035eb size = 1, maxSize = 32, parentContextCount = 0, hitCount = 92, missCount = 1, failureCount = 0]
2025-08-07T16:54:44.883+05:30 DEBUG 18676 --- [carebloom] [           main] org.springframework.test.context.cache   : Spring test ApplicationContext cache statistics: [DefaultContextCache@152035eb size = 1, maxSize = 32, parentContextCount = 0, hitCount = 93, missCount = 1, failureCount = 0]
2025-08-07T16:54:44.884+05:30 DEBUG 18676 --- [carebloom] [           main] org.springframework.test.context.cache   : Spring test ApplicationContext cache statistics: [DefaultContextCache@152035eb size = 1, maxSize = 32, parentContextCount = 0, hitCount = 94, missCount = 1, failureCount = 0]
2025-08-07T16:54:44.884+05:30 DEBUG 18676 --- [carebloom] [           main] org.springframework.test.context.cache   : Spring test ApplicationContext cache statistics: [DefaultContextCache@152035eb size = 1, maxSize = 32, parentContextCount = 0, hitCount = 95, missCount = 1, failureCount = 0]

MockHttpServletRequest:
      HTTP Method = POST
      Request URI = /api/v1/admin/auth/verify
       Parameters = {}
          Headers = [Content-Type:"application/json;charset=UTF-8", Authorization:"Bearer valid-firebase-token"]
             Body = null
    Session Attrs = {org.springframework.security.web.csrf.HttpSessionCsrfTokenRepository.CSRF_TOKEN=org.springframework.security.web.csrf.DefaultCsrfToken@7aaf6bfd}

Handler:
             Type = null

Async:
    Async started = false
     Async result = null

Resolved Exception:
             Type = null

ModelAndView:
        View name = null
             View = null
            Model = null

FlashMap:
       Attributes = null

MockHttpServletResponse:
           Status = 403
    Error message = Forbidden
          Headers = [X-Content-Type-Options:"nosniff", X-XSS-Protection:"0", Cache-Control:"no-cache, no-store, max-age=0, must-revalidate", Pragma:"no-cache", Expires:"0", X-Frame-Options:"DENY"]
     Content type = null
             Body = 
    Forwarded URL = null
   Redirected URL = null
          Cookies = []
2025-08-07T16:54:44.885+05:30 DEBUG 18676 --- [carebloom] [           main] org.springframework.test.context.cache   : Spring test ApplicationContext cache statistics: [DefaultContextCache@152035eb size = 1, maxSize = 32, parentContextCount = 0, hitCount = 96, missCount = 1, failureCount = 0]
2025-08-07T16:54:44.885+05:30 DEBUG 18676 --- [carebloom] [           main] org.springframework.test.context.cache   : Spring test ApplicationContext cache statistics: [DefaultContextCache@152035eb size = 1, maxSize = 32, parentContextCount = 0, hitCount = 97, missCount = 1, failureCount = 0]
2025-08-07T16:54:44.886+05:30 DEBUG 18676 --- [carebloom] [           main] org.springframework.test.context.cache   : Spring test ApplicationContext cache statistics: [DefaultContextCache@152035eb size = 1, maxSize = 32, parentContextCount = 0, hitCount = 98, missCount = 1, failureCount = 0]
2025-08-07T16:54:44.886+05:30 DEBUG 18676 --- [carebloom] [           main] .c.s.DirtiesContextTestExecutionListener : After test method: class [PlatformAdminAuthControllerTests], method [verifyToken_ValidAdmin_ReturnsSuccess], class annotated with @DirtiesContext [false] with mode [null], method annotated with @DirtiesContext [false] with mode [null]
2025-08-07T16:54:44.889+05:30 DEBUG 18676 --- [carebloom] [           main] org.springframework.test.context.cache   : Spring test ApplicationContext cache statistics: [DefaultContextCache@152035eb size = 1, maxSize = 32, parentContextCount = 0, hitCount = 99, missCount = 1, failureCount = 0]
2025-08-07T16:54:44.889+05:30 DEBUG 18676 --- [carebloom] [           main] DependencyInjectionTestExecutionListener : Performing dependency injection for test class com.example.carebloom.controllers.admin.AdminControllersTest
2025-08-07T16:54:44.889+05:30 DEBUG 18676 --- [carebloom] [           main] org.springframework.test.context.cache   : Spring test ApplicationContext cache statistics: [DefaultContextCache@152035eb size = 1, maxSize = 32, parentContextCount = 0, hitCount = 100, missCount = 1, failureCount = 0]
2025-08-07T16:54:44.890+05:30 DEBUG 18676 --- [carebloom] [           main] org.springframework.test.context.cache   : Spring test ApplicationContext cache statistics: [DefaultContextCache@152035eb size = 1, maxSize = 32, parentContextCount = 0, hitCount = 101, missCount = 1, failureCount = 0]
2025-08-07T16:54:44.890+05:30 DEBUG 18676 --- [carebloom] [           main] DependencyInjectionTestExecutionListener : Performing dependency injection for test class com.example.carebloom.controllers.admin.AdminControllersTest$PlatformAdminAuthControllerTests
2025-08-07T16:54:44.890+05:30 DEBUG 18676 --- [carebloom] [           main] org.springframework.test.context.cache   : Spring test ApplicationContext cache statistics: [DefaultContextCache@152035eb size = 1, maxSize = 32, parentContextCount = 0, hitCount = 102, missCount = 1, failureCount = 0]
2025-08-07T16:54:44.890+05:30 DEBUG 18676 --- [carebloom] [           main] org.springframework.test.context.cache   : Spring test ApplicationContext cache statistics: [DefaultContextCache@152035eb size = 1, maxSize = 32, parentContextCount = 0, hitCount = 103, missCount = 1, failureCount = 0]
2025-08-07T16:54:44.892+05:30 DEBUG 18676 --- [carebloom] [           main] sContextBeforeModesTestExecutionListener : Before test method: class [PlatformAdminAuthControllerTests], method [verifyToken_AdminNotFound_Returns401], class annotated with @DirtiesContext [false] with mode [null], method annotated with @DirtiesContext [false] with mode [null]
2025-08-07T16:54:44.893+05:30 DEBUG 18676 --- [carebloom] [           main] org.springframework.test.context.cache   : Spring test ApplicationContext cache statistics: [DefaultContextCache@152035eb size = 1, maxSize = 32, parentContextCount = 0, hitCount = 104, missCount = 1, failureCount = 0]
2025-08-07T16:54:44.893+05:30 DEBUG 18676 --- [carebloom] [           main] org.springframework.test.context.cache   : Spring test ApplicationContext cache statistics: [DefaultContextCache@152035eb size = 1, maxSize = 32, parentContextCount = 0, hitCount = 105, missCount = 1, failureCount = 0]
2025-08-07T16:54:44.894+05:30 DEBUG 18676 --- [carebloom] [           main] org.springframework.test.context.cache   : Spring test ApplicationContext cache statistics: [DefaultContextCache@152035eb size = 1, maxSize = 32, parentContextCount = 0, hitCount = 106, missCount = 1, failureCount = 0]
2025-08-07T16:54:44.895+05:30 DEBUG 18676 --- [carebloom] [           main] org.springframework.test.context.cache   : Spring test ApplicationContext cache statistics: [DefaultContextCache@152035eb size = 1, maxSize = 32, parentContextCount = 0, hitCount = 107, missCount = 1, failureCount = 0]
2025-08-07T16:54:44.898+05:30 DEBUG 18676 --- [carebloom] [           main] o.s.security.web.FilterChainProxy        : Securing POST /api/v1/admin/auth/verify
2025-08-07T16:54:44.898+05:30 DEBUG 18676 --- [carebloom] [           main] o.s.security.web.csrf.CsrfFilter         : Invalid CSRF token found for http://localhost/api/v1/admin/auth/verify
2025-08-07T16:54:44.898+05:30 DEBUG 18676 --- [carebloom] [           main] o.s.s.w.access.AccessDeniedHandlerImpl   : Responding with 403 status code
2025-08-07T16:54:44.899+05:30 DEBUG 18676 --- [carebloom] [           main] org.springframework.test.context.cache   : Spring test ApplicationContext cache statistics: [DefaultContextCache@152035eb size = 1, maxSize = 32, parentContextCount = 0, hitCount = 108, missCount = 1, failureCount = 0]
2025-08-07T16:54:44.900+05:30 DEBUG 18676 --- [carebloom] [           main] org.springframework.test.context.cache   : Spring test ApplicationContext cache statistics: [DefaultContextCache@152035eb size = 1, maxSize = 32, parentContextCount = 0, hitCount = 109, missCount = 1, failureCount = 0]
2025-08-07T16:54:44.900+05:30 DEBUG 18676 --- [carebloom] [           main] org.springframework.test.context.cache   : Spring test ApplicationContext cache statistics: [DefaultContextCache@152035eb size = 1, maxSize = 32, parentContextCount = 0, hitCount = 110, missCount = 1, failureCount = 0]
2025-08-07T16:54:44.900+05:30 DEBUG 18676 --- [carebloom] [           main] org.springframework.test.context.cache   : Spring test ApplicationContext cache statistics: [DefaultContextCache@152035eb size = 1, maxSize = 32, parentContextCount = 0, hitCount = 111, missCount = 1, failureCount = 0]

MockHttpServletRequest:
      HTTP Method = POST
      Request URI = /api/v1/admin/auth/verify
       Parameters = {}
          Headers = [Content-Type:"application/json;charset=UTF-8", Authorization:"Bearer valid-firebase-token"]
             Body = null
    Session Attrs = {org.springframework.security.web.csrf.HttpSessionCsrfTokenRepository.CSRF_TOKEN=org.springframework.security.web.csrf.DefaultCsrfToken@5e9671e6}

Handler:
             Type = null

Async:
    Async started = false
     Async result = null

Resolved Exception:
             Type = null

ModelAndView:
        View name = null
             View = null
            Model = null

FlashMap:
       Attributes = null

MockHttpServletResponse:
           Status = 403
    Error message = Forbidden
          Headers = [X-Content-Type-Options:"nosniff", X-XSS-Protection:"0", Cache-Control:"no-cache, no-store, max-age=0, must-revalidate", Pragma:"no-cache", Expires:"0", X-Frame-Options:"DENY"]
     Content type = null
             Body = 
    Forwarded URL = null
   Redirected URL = null
          Cookies = []
2025-08-07T16:54:44.900+05:30 DEBUG 18676 --- [carebloom] [           main] org.springframework.test.context.cache   : Spring test ApplicationContext cache statistics: [DefaultContextCache@152035eb size = 1, maxSize = 32, parentContextCount = 0, hitCount = 112, missCount = 1, failureCount = 0]
2025-08-07T16:54:44.901+05:30 DEBUG 18676 --- [carebloom] [           main] org.springframework.test.context.cache   : Spring test ApplicationContext cache statistics: [DefaultContextCache@152035eb size = 1, maxSize = 32, parentContextCount = 0, hitCount = 113, missCount = 1, failureCount = 0]
2025-08-07T16:54:44.902+05:30 DEBUG 18676 --- [carebloom] [           main] org.springframework.test.context.cache   : Spring test ApplicationContext cache statistics: [DefaultContextCache@152035eb size = 1, maxSize = 32, parentContextCount = 0, hitCount = 114, missCount = 1, failureCount = 0]
2025-08-07T16:54:44.902+05:30 DEBUG 18676 --- [carebloom] [           main] .c.s.DirtiesContextTestExecutionListener : After test method: class [PlatformAdminAuthControllerTests], method [verifyToken_AdminNotFound_Returns401], class annotated with @DirtiesContext [false] with mode [null], method annotated with @DirtiesContext [false] with mode [null]
2025-08-07T16:54:44.905+05:30 DEBUG 18676 --- [carebloom] [           main] org.springframework.test.context.cache   : Spring test ApplicationContext cache statistics: [DefaultContextCache@152035eb size = 1, maxSize = 32, parentContextCount = 0, hitCount = 115, missCount = 1, failureCount = 0]
2025-08-07T16:54:44.906+05:30 DEBUG 18676 --- [carebloom] [           main] DependencyInjectionTestExecutionListener : Performing dependency injection for test class com.example.carebloom.controllers.admin.AdminControllersTest
2025-08-07T16:54:44.906+05:30 DEBUG 18676 --- [carebloom] [           main] org.springframework.test.context.cache   : Spring test ApplicationContext cache statistics: [DefaultContextCache@152035eb size = 1, maxSize = 32, parentContextCount = 0, hitCount = 116, missCount = 1, failureCount = 0]
2025-08-07T16:54:44.906+05:30 DEBUG 18676 --- [carebloom] [           main] org.springframework.test.context.cache   : Spring test ApplicationContext cache statistics: [DefaultContextCache@152035eb size = 1, maxSize = 32, parentContextCount = 0, hitCount = 117, missCount = 1, failureCount = 0]
2025-08-07T16:54:44.907+05:30 DEBUG 18676 --- [carebloom] [           main] DependencyInjectionTestExecutionListener : Performing dependency injection for test class com.example.carebloom.controllers.admin.AdminControllersTest$PlatformAdminAuthControllerTests
2025-08-07T16:54:44.908+05:30 DEBUG 18676 --- [carebloom] [           main] org.springframework.test.context.cache   : Spring test ApplicationContext cache statistics: [DefaultContextCache@152035eb size = 1, maxSize = 32, parentContextCount = 0, hitCount = 118, missCount = 1, failureCount = 0]
2025-08-07T16:54:44.908+05:30 DEBUG 18676 --- [carebloom] [           main] org.springframework.test.context.cache   : Spring test ApplicationContext cache statistics: [DefaultContextCache@152035eb size = 1, maxSize = 32, parentContextCount = 0, hitCount = 119, missCount = 1, failureCount = 0]
2025-08-07T16:54:44.910+05:30 DEBUG 18676 --- [carebloom] [           main] sContextBeforeModesTestExecutionListener : Before test method: class [PlatformAdminAuthControllerTests], method [verifyToken_InvalidToken_Returns401], class annotated with @DirtiesContext [false] with mode [null], method annotated with @DirtiesContext [false] with mode [null]
2025-08-07T16:54:44.911+05:30 DEBUG 18676 --- [carebloom] [           main] org.springframework.test.context.cache   : Spring test ApplicationContext cache statistics: [DefaultContextCache@152035eb size = 1, maxSize = 32, parentContextCount = 0, hitCount = 120, missCount = 1, failureCount = 0]
2025-08-07T16:54:44.911+05:30 DEBUG 18676 --- [carebloom] [           main] org.springframework.test.context.cache   : Spring test ApplicationContext cache statistics: [DefaultContextCache@152035eb size = 1, maxSize = 32, parentContextCount = 0, hitCount = 121, missCount = 1, failureCount = 0]
2025-08-07T16:54:44.912+05:30 DEBUG 18676 --- [carebloom] [           main] org.springframework.test.context.cache   : Spring test ApplicationContext cache statistics: [DefaultContextCache@152035eb size = 1, maxSize = 32, parentContextCount = 0, hitCount = 122, missCount = 1, failureCount = 0]
2025-08-07T16:54:44.913+05:30 DEBUG 18676 --- [carebloom] [           main] org.springframework.test.context.cache   : Spring test ApplicationContext cache statistics: [DefaultContextCache@152035eb size = 1, maxSize = 32, parentContextCount = 0, hitCount = 123, missCount = 1, failureCount = 0]
2025-08-07T16:54:44.915+05:30 DEBUG 18676 --- [carebloom] [           main] o.s.security.web.FilterChainProxy        : Securing POST /api/v1/admin/auth/verify
2025-08-07T16:54:44.916+05:30 DEBUG 18676 --- [carebloom] [           main] o.s.security.web.csrf.CsrfFilter         : Invalid CSRF token found for http://localhost/api/v1/admin/auth/verify
2025-08-07T16:54:44.916+05:30 DEBUG 18676 --- [carebloom] [           main] o.s.s.w.access.AccessDeniedHandlerImpl   : Responding with 403 status code
2025-08-07T16:54:44.917+05:30 DEBUG 18676 --- [carebloom] [           main] org.springframework.test.context.cache   : Spring test ApplicationContext cache statistics: [DefaultContextCache@152035eb size = 1, maxSize = 32, parentContextCount = 0, hitCount = 124, missCount = 1, failureCount = 0]
2025-08-07T16:54:44.918+05:30 DEBUG 18676 --- [carebloom] [           main] org.springframework.test.context.cache   : Spring test ApplicationContext cache statistics: [DefaultContextCache@152035eb size = 1, maxSize = 32, parentContextCount = 0, hitCount = 125, missCount = 1, failureCount = 0]
2025-08-07T16:54:44.918+05:30 DEBUG 18676 --- [carebloom] [           main] org.springframework.test.context.cache   : Spring test ApplicationContext cache statistics: [DefaultContextCache@152035eb size = 1, maxSize = 32, parentContextCount = 0, hitCount = 126, missCount = 1, failureCount = 0]
2025-08-07T16:54:44.919+05:30 DEBUG 18676 --- [carebloom] [           main] org.springframework.test.context.cache   : Spring test ApplicationContext cache statistics: [DefaultContextCache@152035eb size = 1, maxSize = 32, parentContextCount = 0, hitCount = 127, missCount = 1, failureCount = 0]

MockHttpServletRequest:
      HTTP Method = POST
      Request URI = /api/v1/admin/auth/verify
       Parameters = {}
          Headers = [Content-Type:"application/json;charset=UTF-8", Authorization:"Bearer invalid-firebase-token"]
             Body = null
    Session Attrs = {org.springframework.security.web.csrf.HttpSessionCsrfTokenRepository.CSRF_TOKEN=org.springframework.security.web.csrf.DefaultCsrfToken@4b62f1ba}

Handler:
             Type = null

Async:
    Async started = false
     Async result = null

Resolved Exception:
             Type = null

ModelAndView:
        View name = null
             View = null
            Model = null

FlashMap:
       Attributes = null

MockHttpServletResponse:
           Status = 403
    Error message = Forbidden
          Headers = [X-Content-Type-Options:"nosniff", X-XSS-Protection:"0", Cache-Control:"no-cache, no-store, max-age=0, must-revalidate", Pragma:"no-cache", Expires:"0", X-Frame-Options:"DENY"]
     Content type = null
             Body = 
    Forwarded URL = null
   Redirected URL = null
          Cookies = []
2025-08-07T16:54:44.919+05:30 DEBUG 18676 --- [carebloom] [           main] org.springframework.test.context.cache   : Spring test ApplicationContext cache statistics: [DefaultContextCache@152035eb size = 1, maxSize = 32, parentContextCount = 0, hitCount = 128, missCount = 1, failureCount = 0]
2025-08-07T16:54:44.920+05:30 DEBUG 18676 --- [carebloom] [           main] org.springframework.test.context.cache   : Spring test ApplicationContext cache statistics: [DefaultContextCache@152035eb size = 1, maxSize = 32, parentContextCount = 0, hitCount = 129, missCount = 1, failureCount = 0]
2025-08-07T16:54:44.920+05:30 DEBUG 18676 --- [carebloom] [           main] org.springframework.test.context.cache   : Spring test ApplicationContext cache statistics: [DefaultContextCache@152035eb size = 1, maxSize = 32, parentContextCount = 0, hitCount = 130, missCount = 1, failureCount = 0]
2025-08-07T16:54:44.921+05:30 DEBUG 18676 --- [carebloom] [           main] .c.s.DirtiesContextTestExecutionListener : After test method: class [PlatformAdminAuthControllerTests], method [verifyToken_InvalidToken_Returns401], class annotated with @DirtiesContext [false] with mode [null], method annotated with @DirtiesContext [false] with mode [null]
2025-08-07T16:54:44.923+05:30 DEBUG 18676 --- [carebloom] [           main] org.springframework.test.context.cache   : Spring test ApplicationContext cache statistics: [DefaultContextCache@152035eb size = 1, maxSize = 32, parentContextCount = 0, hitCount = 131, missCount = 1, failureCount = 0]
2025-08-07T16:54:44.923+05:30 DEBUG 18676 --- [carebloom] [           main] org.springframework.test.context.cache   : Spring test ApplicationContext cache statistics: [DefaultContextCache@152035eb size = 1, maxSize = 32, parentContextCount = 0, hitCount = 132, missCount = 1, failureCount = 0]
2025-08-07T16:54:44.923+05:30 DEBUG 18676 --- [carebloom] [           main] .c.s.DirtiesContextTestExecutionListener : After test class: class [PlatformAdminAuthControllerTests], class annotated with @DirtiesContext [false] with mode [null]
[ERROR] Tests run: 3, Failures: 3, Errors: 0, Skipped: 0, Time elapsed: 0.137 s <<< FAILURE! -- in com.example.carebloom.controllers.admin.AdminControllersTest$PlatformAdminAuthControllerTests
[ERROR] com.example.carebloom.controllers.admin.AdminControllersTest$PlatformAdminAuthControllerTests.verifyToken_ValidAdmin_ReturnsSuccess -- Time elapsed: 0.067 s <<< FAILURE!
java.lang.AssertionError: Status expected:<200> but was:<403>
	at org.springframework.test.util.AssertionErrors.fail(AssertionErrors.java:61)
	at org.springframework.test.util.AssertionErrors.assertEquals(AssertionErrors.java:128)
	at org.springframework.test.web.servlet.result.StatusResultMatchers.lambda$matcher$9(StatusResultMatchers.java:640)
	at org.springframework.test.web.servlet.MockMvc$1.andExpect(MockMvc.java:214)
	at com.example.carebloom.controllers.admin.AdminControllersTest$PlatformAdminAuthControllerTests.verifyToken_ValidAdmin_ReturnsSuccess(AdminControllersTest.java:90)
	at java.base/java.lang.reflect.Method.invoke(Unknown Source)
	at java.base/java.util.ArrayList.forEach(Unknown Source)
	at java.base/java.util.ArrayList.forEach(Unknown Source)
	at java.base/java.util.ArrayList.forEach(Unknown Source)

[ERROR] com.example.carebloom.controllers.admin.AdminControllersTest$PlatformAdminAuthControllerTests.verifyToken_AdminNotFound_Returns401 -- Time elapsed: 0.013 s <<< FAILURE!
java.lang.AssertionError: Status expected:<401> but was:<403>
	at org.springframework.test.util.AssertionErrors.fail(AssertionErrors.java:61)
	at org.springframework.test.util.AssertionErrors.assertEquals(AssertionErrors.java:128)
	at org.springframework.test.web.servlet.result.StatusResultMatchers.lambda$matcher$9(StatusResultMatchers.java:640)
	at org.springframework.test.web.servlet.MockMvc$1.andExpect(MockMvc.java:214)
	at com.example.carebloom.controllers.admin.AdminControllersTest$PlatformAdminAuthControllerTests.verifyToken_AdminNotFound_Returns401(AdminControllersTest.java:118)
	at java.base/java.lang.reflect.Method.invoke(Unknown Source)
	at java.base/java.util.ArrayList.forEach(Unknown Source)
	at java.base/java.util.ArrayList.forEach(Unknown Source)
	at java.base/java.util.ArrayList.forEach(Unknown Source)

[ERROR] com.example.carebloom.controllers.admin.AdminControllersTest$PlatformAdminAuthControllerTests.verifyToken_InvalidToken_Returns401 -- Time elapsed: 0.013 s <<< FAILURE!
java.lang.AssertionError: Status expected:<401> but was:<403>
	at org.springframework.test.util.AssertionErrors.fail(AssertionErrors.java:61)
	at org.springframework.test.util.AssertionErrors.assertEquals(AssertionErrors.java:128)
	at org.springframework.test.web.servlet.result.StatusResultMatchers.lambda$matcher$9(StatusResultMatchers.java:640)
	at org.springframework.test.web.servlet.MockMvc$1.andExpect(MockMvc.java:214)
	at com.example.carebloom.controllers.admin.AdminControllersTest$PlatformAdminAuthControllerTests.verifyToken_InvalidToken_Returns401(AdminControllersTest.java:140)
	at java.base/java.lang.reflect.Method.invoke(Unknown Source)
	at java.base/java.util.ArrayList.forEach(Unknown Source)
	at java.base/java.util.ArrayList.forEach(Unknown Source)
	at java.base/java.util.ArrayList.forEach(Unknown Source)

2025-08-07T16:54:44.925+05:30 DEBUG 18676 --- [carebloom] [           main] org.springframework.test.context.cache   : Spring test ApplicationContext cache statistics: [DefaultContextCache@152035eb size = 1, maxSize = 32, parentContextCount = 0, hitCount = 133, missCount = 1, failureCount = 0]
2025-08-07T16:54:44.926+05:30 DEBUG 18676 --- [carebloom] [           main] org.springframework.test.context.cache   : Spring test ApplicationContext cache statistics: [DefaultContextCache@152035eb size = 1, maxSize = 32, parentContextCount = 0, hitCount = 134, missCount = 1, failureCount = 0]
2025-08-07T16:54:44.926+05:30 DEBUG 18676 --- [carebloom] [           main] .c.s.DirtiesContextTestExecutionListener : After test class: class [AdminControllersTest], class annotated with @DirtiesContext [false] with mode [null]
[INFO] Tests run: 0, Failures: 0, Errors: 0, Skipped: 0, Time elapsed: 4.078 s -- in com.example.carebloom.controllers.admin.AdminControllersTest
[INFO] 
[INFO] Results:
[INFO] 
[ERROR] Failures: 
[ERROR]   AdminControllersTest$EmailCheckControllerTests.checkEmail_EmailDoesNotExist_ReturnsFalse:177 Status expected:<200> but was:<401>
[ERROR]   AdminControllersTest$EmailCheckControllerTests.checkEmail_EmailExists_ReturnsTrue:161 Status expected:<200> but was:<401>
[ERROR]   AdminControllersTest$EmailCheckControllerTests.checkEmail_InvalidEmailFormat_Returns400:192 Status expected:<400> but was:<401>
[ERROR]   AdminControllersTest$EmailCheckControllerTests.checkEmail_MissingEmail_Returns400:203 Status expected:<400> but was:<401>
[ERROR]   AdminControllersTest$EmailCheckControllerTests.checkEmail_ServiceException_Returns500:218 Status expected:<500> but was:<401>
[ERROR]   AdminControllersTest$PlatformAdminAuthControllerTests.verifyToken_AdminNotFound_Returns401:118 Status expected:<401> but was:<403>
[ERROR]   AdminControllersTest$PlatformAdminAuthControllerTests.verifyToken_InvalidToken_Returns401:140 Status expected:<401> but was:<403>
[ERROR]   AdminControllersTest$PlatformAdminAuthControllerTests.verifyToken_ValidAdmin_ReturnsSuccess:90 Status expected:<200> but was:<403>
[INFO] 
[ERROR] Tests run: 8, Failures: 8, Errors: 0, Skipped: 0
[INFO] 
[INFO] ------------------------------------------------------------------------
[INFO] BUILD FAILURE
[INFO] ------------------------------------------------------------------------
[INFO] Total time:  13.093 s
[INFO] Finished at: 2025-08-07T16:54:45+05:30
[INFO] ------------------------------------------------------------------------
[ERROR] Failed to execute goal org.apache.maven.plugins:maven-surefire-plugin:3.5.3:test (default-test) on project carebloom: There are test failures.
[ERROR] 
[ERROR] See C:\Users\dell\UoC\GroupProject-3\CareBloom\carebloom-backend\target\surefire-reports for the individual test results.
[ERROR] See dump files (if any exist) [date].dump, [date]-jvmRun[N].dump and [date].dumpstream.
[ERROR] -> [Help 1]
[ERROR] 
[ERROR] To see the full stack trace of the errors, re-run Maven with the -e switch.
[ERROR] Re-run Maven using the -X switch to enable full debug logging.
[ERROR] 
[ERROR] For more information about the errors and possible solutions, please read the following articles:
[ERROR] [Help 1] http://cwiki.apache.org/confluence/display/MAVEN/MojoFailureException
